error: precondition not satisfied
    --> src/Chap43/OrderedTableStPer.rs:1346:34
     |
 416 |             requires self.spec_orderedtablestper_wf(), obeys_view_eq::<K>(), obeys_feq_full::<V>(),
     |                      -------------------------------- failed precondition
...
1346 |                 let other_find = other.find(&pair.0);
     |                                  ^^^^^^^^^^^^^^^^^^^

note: diagnostics via expansion
   --> src/Chap43/OrderedTableStPer.rs:416:22
    |
416 |             requires self.spec_orderedtablestper_wf(), obeys_view_eq::<K>(), obeys_feq_full::<V>(),
    |                      ^^^^^^^^^^^^^^^^^^^^^^^^^^^^^^^^

note: 

other.spec_orderedtablestper_wf() ✘
    trait function (note: expand-errors is currently limited in its support for resolving generic trait functions)
obeys_view_eq() ✔
obeys_feq_full() ✔

note: recommendation not met
    --> src/Chap43/OrderedTableStPer.rs:1328:46
     |
1328 |                         &&& result_v1[j]@ == self@[self.base_set.elements@[src].0]
     |                                              ^^^^^^^^^^^^^^^^^^^^^^^^^^^^^^^^^^^^^
     |
    --> vstd/map.rs:72:12
     |
     = note: recommendation not met

verification results:: 4476 verified, 1 errors
error: aborting due to 1 previous error

(use --output-json for machine-readable output)
verus-build-info
Verus
  Version: 0.2026.03.17.a96bad0.dirty
  Profile: release
  Platform: linux_x86_64
  Toolchain: 1.94.0-x86_64-unknown-linux-gnu

total-time:          127499 ms    (estimated total cpu time 500081 ms)
    rust-time:               14643 ms
        init-and-types:          13916 ms
        trait-conflicts:           727 ms
        compile-time:                0 ms
    verification-time:      103952 ms
        vir-time:                24909 ms
            hir-time:                 6233 ms
            import-time:               151 ms
            rust-to-vir:              5011 ms
        verify-crate-time:       79042 ms
    unaccounted-time:         8903 ms

verify-crate-time-breakdown
    total verify-time:         443625 ms   (8 threads)
        total air-time:             57048 ms   (8 threads)
        total smt-time:            166469 ms   (8 threads)
            total smt-init:               673 ms,  1432517 rlimit (8 threads)
            total smt-run:             165796 ms, 337515381 rlimit (8 threads)
