Verus Library Minimizer
=======================
This minimizer is only possible due to the phenomenal speed of verification
in Verus. Thanks Verus team!

Logging to: tests/fixtures/APAS-VERUS/analyses/veracity-minimize-lib.20260407-201211.log

Arguments:
  -c, --codebase:     tests/fixtures/APAS-VERUS
  -l, --library:      tests/fixtures/APAS-VERUS/src/vstdplus
  -F, --file:         (all files)
  -n, --dry-run:      false
  -b, --broadcasts:   false
  -L, --lib-broadcasts: false
  -N, --max-lemmas:   all
  -a, --asserts:      false
  -A, --max-asserts:  all
  -p, --proof-blocks: false
  -P, --max-proof-blocks: all
  -e, --exclude:      (none)
  -f, --fail-fast:    false
  --danger:           false
  --no-lib-min:       false
  --project:          APAS
  --chapter:          Chap36

Mode: APAS isolate Chap36 (estimated 10-30s per iteration)

═══════════════════════════════════════════════════════════════════════════════
IMPORTANT: No code will be harmed in the improving of your codebase!
═══════════════════════════════════════════════════════════════════════════════

✓ Codebase is in git and committed. Proceeding safely.

Veracity will repeatedly comment things in and out using // Veracity: lines
to test and improve your use of vstd. All changes are reversible comments.
You will need to review each // Veracity: line and decide what to keep.

Phases:
  Phase 0:  Strip existing Veracity markers (if any)
  Phase 1:  Analyze and verify codebase
  Phase 2:  Analyze library structure (lemmas, modules, call sites, spec fns)
  Phase 3:  Discover vstd broadcast groups from verus installation
  Phase 4:  Estimate time for testing
  Phase 5:  Apply broadcast groups to library (-L flag)
  Phase 6:  Apply broadcast groups to codebase (-b flag)
  Phase 7:  Test lemma dependence on vstd (can vstd prove it alone?)
  Phase 8:  Test lemma necessity (can codebase verify without it?)
  Phase 9:  Test library asserts (can we remove any?)
  Phase 10: Test codebase asserts (can we remove any?)
  Phase 11: Test admits (can we remove any? -m flag)
  Phase 12: Test proof {} blocks (-p flag)
  Phase 13: Test types (are they used? -t flag)
  Phase 14: Analyze and verify final codebase

Comment markers inserted:
  // Veracity: added broadcast group  - Phase 5/6: Inserted broadcast use block
  // Veracity: DEPENDENT              - Phase 7: Lemma proven by vstd broadcast groups
  // Veracity: INDEPENDENT            - Phase 7: Lemma provides unique proof logic
  // Veracity: USED                   - Phase 8: Lemma required, restored after test
  // Veracity: UNUSED                 - Phase 8: Lemma not needed, left commented out
  // Veracity: UNNEEDED assert        - Phase 9/10: Assert not needed, left commented
  // Veracity: UNNEEDED admit         - Phase 11: Admit not needed, left commented
  // Veracity: UNNEEDED proof block   - Phase 12: Proof block not needed, left commented
  // Veracity: TYPE USED              - Phase 13: Type is used (verified by removal test)
  // Veracity: TYPE UNUSED            - Phase 13: Type not used, left commented out
  // Veracity: UNNEEDED               - Phase 8: Call site not needed, left commented

═══════════════════════════════════════════════════════════════════════════════

═══════════════════════════════════════════════════════════════
Phase 0: Stripping existing Veracity markers
═══════════════════════════════════════════════════════════════

  Found 1 existing Veracity markers
  Cleaning up for fresh analysis...
  ✓ Removed 0 markers

═══════════════════════════════════════════════════════════════
Phase 1: Analyzing and verifying codebase
═══════════════════════════════════════════════════════════════

  Initial LOC (comments not counted):
    Spec:       0
    Proof:      0
    Exec:       0
    Total:      0

  Verifying...
  ✓ Verification passed in 6.5s. Continuing.

Phase 2: Analyzing library structure...
  Scanning library for proof functions (lemmas)...
  Found 305 proof functions
  In 13 modules
  Checking which library modules are used in codebase...
  13 modules used in codebase
  0 modules NOT used in codebase
  Scanning for lemma call sites...
  703 call sites in library
  15065 call sites in codebase (outside library)
  Scanning library for spec functions...
  Found 160 spec functions
  44 spec functions without explicit calls (excluding type variants where any is used)

Phase 3: Discovering vstd broadcast groups...
  vstd source: /home/milnes/projects/verus/source/vstd
  Found 49 broadcast groups

Phase 4: Estimating time...
  Time per verification:           6.5s
  Lemmas to test:                  305

  Estimation formula:
    Phase 5/6: verification_time × num_files
    Phase 7:   verification_time × num_lemmas (empty body test)
    Phase 8:   verification_time × num_lemmas (comment out test)
    Phase 9/10: verification_time × num_asserts (comment out test)

  Phase 1 (verify codebase):       6.5s (done)
  Phase 2 (analyze library):       ~0s (no verification)
  Phase 3 (discover broadcasts):   ~0s (no verification)
  Phase 4 (estimate time):         ~0s (no verification)
  Phase 5 (library broadcasts):    skipped (no -L flag)
  Phase 6 (codebase broadcasts):   skipped (no -b flag)
  Phase 7 (dependence test):       ~33m 14s (6.5s × 305 lemmas)
  Phase 8 (necessity test):        ~33m 14s (6.5s × 305 lemmas)
  Phase 9 (library asserts):       skipped (no -a flag)
  Phase 10 (codebase asserts):     skipped (no -a flag)
  ─────────────────────────────────────────
  TOTAL ESTIMATED TIME:            ~1h 6m 35s

Phase 5: Library broadcast groups...
  Analyzing library for broadcast group recommendations...

  VecQueue.rs:
    In use:
      ✓ vstd::seq::group_seq_axioms
      ✓ vstd::seq_lib::group_seq_properties
      ✓ vstd::seq_lib::group_to_multiset_ensures

  feq.rs:
    In use:
      ✓ vstd::seq::group_seq_axioms
      ✓ vstd::seq_lib::group_seq_properties
      ✓ vstd::seq_lib::group_to_multiset_ensures

  float.rs:
    In use:
      ✓ vstd::seq::group_seq_axioms
      ✓ vstd::seq_lib::group_seq_properties
      ✓ vstd::seq_lib::group_to_multiset_ensures

  hash_map_with_view_plus.rs:
    In use:
      ✓ vstd::map::group_map_axioms

  hash_set_with_view_plus.rs:
    In use:
      ✓ vstd::set::group_set_axioms
      ✓ vstd::set_lib::group_set_lib_default

  multiset.rs:
    In use:
      ✓ vstd::multiset::group_multiset_axioms
      ✓ vstd::seq_lib::group_to_multiset_ensures
      ✓ vstd::seq::group_seq_axioms
      ✓ vstd::seq_lib::group_seq_properties

  seq.rs:
    In use:
      ✓ vstd::seq::group_seq_axioms
      ✓ vstd::seq_lib::group_seq_properties
      ✓ vstd::seq_lib::group_to_multiset_ensures

  seq_set.rs:
    In use:
      ✓ vstd::seq_lib::group_seq_properties
      ✓ vstd::set::group_set_axioms
      ✓ vstd::seq::group_seq_axioms
      ✓ vstd::seq_lib::group_to_multiset_ensures
      ✓ vstd::set_lib::group_set_lib_default

  No new broadcast groups recommended for library.
  Skipped (use -L flag to add broadcast groups)

Phase 6: Codebase broadcast groups...
  Analyzing broadcast groups per file...

  src/Chap03/InsertionSortStEph.rs:
    In use:
      ✓ vstd::seq_lib::group_to_multiset_ensures
      ✓ vstd::seq::group_seq_axioms
      ✓ vstd::seq_lib::group_seq_properties

  src/Chap05/KleeneStPer.rs:
    In use:
      ✓ vstd::set::group_set_axioms
      ✓ vstd::seq::group_seq_axioms
      ✓ vstd::seq_lib::group_seq_properties
      ✓ vstd::seq_lib::group_to_multiset_ensures
      ✓ vstd::set_lib::group_set_lib_default

  src/Chap05/MappingStEph.rs:
    In use:
      ✓ vstd::set::group_set_axioms
      ✓ vstd::set_lib::group_set_lib_default
      ✓ vstd::set_lib::group_set_properties
      ✓ vstd::seq::group_seq_axioms
      ✓ vstd::seq_lib::group_seq_lib_default
      ✓ vstd::seq_lib::group_seq_properties
      ✓ vstd::laws_eq::group_laws_eq
      ✓ vstd::laws_cmp::group_laws_cmp
      ✓ vstd::map::group_map_axioms
      ✓ vstd::seq_lib::group_to_multiset_ensures

  src/Chap05/RelationStEph.rs:
    In use:
      ✓ vstd::set::group_set_axioms
      ✓ vstd::set_lib::group_set_lib_default
      ✓ vstd::set_lib::group_set_properties
      ✓ vstd::seq::group_seq_axioms
      ✓ vstd::seq_lib::group_seq_lib_default
      ✓ vstd::seq_lib::group_seq_properties
      ✓ vstd::laws_eq::group_laws_eq
      ✓ vstd::laws_cmp::group_laws_cmp
      ✓ vstd::seq_lib::group_to_multiset_ensures

  src/Chap05/SetMtEph.rs:
    In use:
      ✓ vstd::set::group_set_axioms
      ✓ vstd::set_lib::group_set_lib_default
      ✓ vstd::set_lib::group_set_properties
      ✓ vstd::seq::group_seq_axioms
      ✓ vstd::seq_lib::group_seq_lib_default
      ✓ vstd::seq_lib::group_seq_properties
      ✓ vstd::laws_eq::group_laws_eq
      ✓ vstd::laws_cmp::group_laws_cmp
      ✓ vstd::seq_lib::group_to_multiset_ensures

  src/Chap05/SetStEph.rs:
    In use:
      ✓ vstd::set::group_set_axioms
      ✓ vstd::set_lib::group_set_lib_default
      ✓ vstd::set_lib::group_set_properties
      ✓ vstd::seq::group_seq_axioms
      ✓ vstd::seq_lib::group_seq_lib_default
      ✓ vstd::seq_lib::group_seq_properties
      ✓ vstd::laws_eq::group_laws_eq
      ✓ vstd::laws_cmp::group_laws_cmp
      ✓ vstd::seq_lib::group_to_multiset_ensures

  src/Chap06/DirGraphMtEph.rs:
    In use:
      ✓ vstd::set::group_set_axioms
      ✓ vstd::set_lib::group_set_lib_default

  src/Chap06/DirGraphStEph.rs:
    In use:
      ✓ vstd::std_specs::hash::group_hash_axioms
      ✓ vstd::set_lib::group_set_lib_default
      ✓ vstd::set::group_set_axioms

  src/Chap06/LabDirGraphMtEph.rs:
    In use:
      ✓ vstd::set::group_set_axioms
      ✓ vstd::set_lib::group_set_lib_default

  src/Chap06/LabDirGraphStEph.rs:
    In use:
      ✓ vstd::std_specs::hash::group_hash_axioms
      ✓ vstd::set_lib::group_set_lib_default
      ✓ vstd::set::group_set_axioms

  src/Chap06/LabUnDirGraphMtEph.rs:
    In use:
      ✓ vstd::set::group_set_axioms
      ✓ vstd::set_lib::group_set_lib_default

  src/Chap06/LabUnDirGraphStEph.rs:
    In use:
      ✓ vstd::std_specs::hash::group_hash_axioms
      ✓ vstd::set_lib::group_set_lib_default
      ✓ vstd::set::group_set_axioms

  src/Chap06/UnDirGraphMtEph.rs:
    In use:
      ✓ vstd::set::group_set_axioms
      ✓ vstd::set_lib::group_set_lib_default

  src/Chap06/UnDirGraphStEph.rs:
    In use:
      ✓ vstd::std_specs::hash::group_hash_axioms
      ✓ vstd::set_lib::group_set_lib_default
      ✓ vstd::set::group_set_axioms

  src/Chap06/WeightedDirGraphStEphF64.rs:
    In use:
      ✓ vstd::std_specs::hash::group_hash_axioms
      ✓ vstd::set_lib::group_set_lib_default
      ✓ vstd::set::group_set_axioms
      ✓ vstd::seq_lib::group_seq_properties

  src/Chap06/WeightedDirGraphStEphI128.rs:
    In use:
      ✓ vstd::std_specs::hash::group_hash_axioms
      ✓ vstd::set_lib::group_set_lib_default
      ✓ vstd::set::group_set_axioms
      ✓ vstd::seq_lib::group_seq_properties

  src/Chap06/WeightedDirGraphStEphI16.rs:
    In use:
      ✓ vstd::std_specs::hash::group_hash_axioms
      ✓ vstd::set_lib::group_set_lib_default
      ✓ vstd::set::group_set_axioms
      ✓ vstd::seq_lib::group_seq_properties

  src/Chap06/WeightedDirGraphStEphI32.rs:
    In use:
      ✓ vstd::std_specs::hash::group_hash_axioms
      ✓ vstd::set_lib::group_set_lib_default
      ✓ vstd::set::group_set_axioms
      ✓ vstd::seq_lib::group_seq_properties

  src/Chap06/WeightedDirGraphStEphI64.rs:
    In use:
      ✓ vstd::std_specs::hash::group_hash_axioms
      ✓ vstd::set_lib::group_set_lib_default
      ✓ vstd::set::group_set_axioms
      ✓ vstd::seq_lib::group_seq_properties

  src/Chap06/WeightedDirGraphStEphI8.rs:
    In use:
      ✓ vstd::std_specs::hash::group_hash_axioms
      ✓ vstd::set_lib::group_set_lib_default
      ✓ vstd::set::group_set_axioms
      ✓ vstd::seq_lib::group_seq_properties

  src/Chap06/WeightedDirGraphStEphIsize.rs:
    In use:
      ✓ vstd::std_specs::hash::group_hash_axioms
      ✓ vstd::set_lib::group_set_lib_default
      ✓ vstd::set::group_set_axioms
      ✓ vstd::seq_lib::group_seq_properties

  src/Chap06/WeightedDirGraphStEphU128.rs:
    In use:
      ✓ vstd::std_specs::hash::group_hash_axioms
      ✓ vstd::set_lib::group_set_lib_default
      ✓ vstd::set::group_set_axioms
      ✓ vstd::seq_lib::group_seq_properties

  src/Chap06/WeightedDirGraphStEphU16.rs:
    In use:
      ✓ vstd::std_specs::hash::group_hash_axioms
      ✓ vstd::set_lib::group_set_lib_default
      ✓ vstd::set::group_set_axioms
      ✓ vstd::seq_lib::group_seq_properties

  src/Chap06/WeightedDirGraphStEphU32.rs:
    In use:
      ✓ vstd::std_specs::hash::group_hash_axioms
      ✓ vstd::set_lib::group_set_lib_default
      ✓ vstd::set::group_set_axioms
      ✓ vstd::seq_lib::group_seq_properties

  src/Chap06/WeightedDirGraphStEphU64.rs:
    In use:
      ✓ vstd::std_specs::hash::group_hash_axioms
      ✓ vstd::set_lib::group_set_lib_default
      ✓ vstd::set::group_set_axioms
      ✓ vstd::seq_lib::group_seq_properties

  src/Chap06/WeightedDirGraphStEphU8.rs:
    In use:
      ✓ vstd::std_specs::hash::group_hash_axioms
      ✓ vstd::set_lib::group_set_lib_default
      ✓ vstd::set::group_set_axioms
      ✓ vstd::seq_lib::group_seq_properties

  src/Chap06/WeightedDirGraphStEphUsize.rs:
    In use:
      ✓ vstd::std_specs::hash::group_hash_axioms
      ✓ vstd::set_lib::group_set_lib_default
      ✓ vstd::set::group_set_axioms
      ✓ vstd::seq_lib::group_seq_properties

  src/Chap17/MathSeq.rs:
    In use:
      ✓ vstd::std_specs::vec::group_vec_axioms
      ✓ vstd::set::group_set_axioms
      ✓ vstd::set_lib::group_set_lib_default
      ✓ vstd::set_lib::group_set_properties
      ✓ vstd::seq::group_seq_axioms
      ✓ vstd::seq_lib::group_seq_lib_default
      ✓ vstd::seq_lib::group_seq_properties
      ✓ vstd::seq_lib::group_to_multiset_ensures

  src/Chap18/ArraySeq.rs:
    In use:
      ✓ vstd::std_specs::vec::group_vec_axioms
      ✓ vstd::seq::group_seq_axioms
      ✓ vstd::seq_lib::group_seq_properties
      ✓ vstd::multiset::group_multiset_axioms
      ✓ vstd::multiset::group_multiset_properties
      ✓ vstd::seq_lib::group_to_multiset_ensures
      ✓ vstd::seq_lib::group_filter_ensures

  src/Chap18/ArraySeqMtEph.rs:
    In use:
      ✓ vstd::std_specs::vec::group_vec_axioms
      ✓ vstd::seq::group_seq_axioms
      ✓ vstd::seq_lib::group_seq_properties
      ✓ vstd::seq_lib::group_to_multiset_ensures
      ✓ vstd::multiset::group_multiset_axioms

  src/Chap18/ArraySeqMtEphSlice.rs:
    In use:
      ✓ vstd::std_specs::vec::group_vec_axioms
      ✓ vstd::seq::group_seq_axioms
      ✓ vstd::seq_lib::group_seq_properties
      ✓ vstd::std_specs::slice::group_slice_axioms
      ✓ vstd::slice::group_slice_axioms
      ✓ vstd::seq_lib::group_to_multiset_ensures

  src/Chap18/ArraySeqMtPer.rs:
    In use:
      ✓ vstd::std_specs::vec::group_vec_axioms
      ✓ vstd::seq::group_seq_axioms
      ✓ vstd::seq_lib::group_seq_properties
      ✓ vstd::seq_lib::group_to_multiset_ensures
      ✓ vstd::multiset::group_multiset_axioms

  src/Chap18/ArraySeqStEph.rs:
    In use:
      ✓ vstd::std_specs::vec::group_vec_axioms
      ✓ vstd::seq::group_seq_axioms
      ✓ vstd::seq_lib::group_seq_properties
      ✓ vstd::seq_lib::group_to_multiset_ensures

  src/Chap18/ArraySeqStPer.rs:
    In use:
      ✓ vstd::std_specs::vec::group_vec_axioms
      ✓ vstd::seq::group_seq_axioms
      ✓ vstd::seq_lib::group_seq_properties
      ✓ vstd::seq_lib::group_to_multiset_ensures

  src/Chap18/LinkedListStEph.rs:
    In use:
      ✓ vstd::std_specs::vec::group_vec_axioms
      ✓ vstd::seq::group_seq_axioms
      ✓ vstd::seq_lib::group_seq_properties
      ✓ vstd::seq_lib::group_to_multiset_ensures

  src/Chap18/LinkedListStPer.rs:
    In use:
      ✓ vstd::std_specs::vec::group_vec_axioms
      ✓ vstd::seq::group_seq_axioms
      ✓ vstd::seq_lib::group_seq_properties
      ✓ vstd::seq_lib::group_to_multiset_ensures

  src/Chap19/ArraySeqMtEph.rs:
    In use:
      ✓ vstd::std_specs::vec::group_vec_axioms
      ✓ vstd::seq::group_seq_axioms
      ✓ vstd::seq_lib::group_seq_properties
      ✓ vstd::seq_lib::group_to_multiset_ensures
      ✓ vstd::multiset::group_multiset_axioms

  src/Chap19/ArraySeqMtEphSlice.rs:
    In use:
      ✓ vstd::std_specs::vec::group_vec_axioms
      ✓ vstd::seq::group_seq_axioms
      ✓ vstd::seq_lib::group_seq_properties
      ✓ vstd::std_specs::slice::group_slice_axioms
      ✓ vstd::slice::group_slice_axioms
      ✓ vstd::seq_lib::group_to_multiset_ensures

  src/Chap19/ArraySeqStEph.rs:
    In use:
      ✓ vstd::std_specs::vec::group_vec_axioms
      ✓ vstd::seq::group_seq_axioms
      ✓ vstd::seq_lib::group_seq_properties
      ✓ vstd::seq_lib::group_to_multiset_ensures

  src/Chap19/ArraySeqStPer.rs:
    In use:
      ✓ vstd::std_specs::vec::group_vec_axioms
      ✓ vstd::seq::group_seq_axioms
      ✓ vstd::seq_lib::group_seq_properties
      ✓ vstd::seq_lib::group_to_multiset_ensures

  src/Chap21/Algorithm21_1.rs:
    In use:
      ✓ vstd::std_specs::vec::group_vec_axioms
      ✓ vstd::seq::group_seq_axioms
      ✓ vstd::seq_lib::group_seq_properties
      ✓ vstd::seq_lib::group_to_multiset_ensures

  src/Chap21/Algorithm21_2.rs:
    In use:
      ✓ vstd::std_specs::vec::group_vec_axioms
      ✓ vstd::arithmetic::power::group_pow_properties

  src/Chap21/Algorithm21_5.rs:
    In use:
      ✓ vstd::std_specs::vec::group_vec_axioms

  src/Chap21/Algorithm21_6.rs:
    In use:
      ✓ vstd::std_specs::vec::group_vec_axioms

  src/Chap21/Exercise21_5.rs:
    In use:
      ✓ vstd::std_specs::vec::group_vec_axioms
      ✓ vstd::seq::group_seq_axioms
      ✓ vstd::seq_lib::group_seq_properties
      ✓ vstd::seq_lib::group_to_multiset_ensures

  src/Chap21/Exercise21_7.rs:
    In use:
      ✓ vstd::std_specs::vec::group_vec_axioms

  src/Chap21/Exercise21_8.rs:
    In use:
      ✓ vstd::std_specs::vec::group_vec_axioms

  src/Chap21/Problem21_1.rs:
    In use:
      ✓ vstd::std_specs::vec::group_vec_axioms

  src/Chap21/Problem21_3.rs:
    In use:
      ✓ vstd::std_specs::vec::group_vec_axioms

  src/Chap21/Problem21_4.rs:
    In use:
      ✓ vstd::std_specs::vec::group_vec_axioms

  src/Chap23/BalBinTreeStEph.rs:
    In use:
      ✓ vstd::std_specs::vec::group_vec_axioms
      ✓ vstd::seq::group_seq_axioms
      ✓ vstd::seq_lib::group_seq_properties
      ✓ vstd::seq_lib::group_to_multiset_ensures

  src/Chap23/PrimTreeSeqStPer.rs:
    In use:
      ✓ vstd::std_specs::vec::group_vec_axioms
      ✓ vstd::seq::group_seq_axioms
      ✓ vstd::seq_lib::group_seq_properties
      ✓ vstd::seq_lib::group_to_multiset_ensures

  src/Chap26/DivConReduceMtPer.rs:
    In use:
      ✓ vstd::std_specs::vec::group_vec_axioms
      ✓ vstd::seq::group_seq_axioms
      ✓ vstd::seq_lib::group_seq_properties
      ✓ vstd::seq_lib::group_to_multiset_ensures

  src/Chap26/DivConReduceStPer.rs:
    In use:
      ✓ vstd::std_specs::vec::group_vec_axioms
      ✓ vstd::seq::group_seq_axioms

  src/Chap26/ETSPMtEph.rs:
    In use:
      ✓ vstd::std_specs::vec::group_vec_axioms
      ✓ vstd::seq::group_seq_axioms
      ✓ vstd::seq_lib::group_seq_properties
      ✓ vstd::seq_lib::group_to_multiset_ensures

  src/Chap26/ETSPStEph.rs:
    In use:
      ✓ vstd::std_specs::vec::group_vec_axioms
      ✓ vstd::seq::group_seq_axioms
      ✓ vstd::seq_lib::group_seq_properties
      ✓ vstd::seq_lib::group_to_multiset_ensures

  src/Chap26/MergeSortMtPer.rs:
    In use:
      ✓ vstd::std_specs::vec::group_vec_axioms
      ✓ vstd::seq::group_seq_axioms
      ✓ vstd::seq_lib::group_to_multiset_ensures
      ✓ vstd::multiset::group_multiset_axioms
      ✓ vstd::seq_lib::group_seq_properties

  src/Chap26/MergeSortStPer.rs:
    In use:
      ✓ vstd::std_specs::vec::group_vec_axioms
      ✓ vstd::seq::group_seq_axioms
      ✓ vstd::seq_lib::group_to_multiset_ensures
      ✓ vstd::multiset::group_multiset_axioms
      ✓ vstd::seq_lib::group_seq_properties

  src/Chap26/ScanDCMtPer.rs:
    In use:
      ✓ vstd::std_specs::vec::group_vec_axioms
      ✓ vstd::seq::group_seq_axioms
      ✓ vstd::seq_lib::group_seq_properties
      ✓ vstd::seq_lib::group_to_multiset_ensures

  src/Chap26/ScanDCStPer.rs:
    In use:
      ✓ vstd::std_specs::vec::group_vec_axioms
      ✓ vstd::seq::group_seq_axioms
      ✓ vstd::seq_lib::group_seq_properties
      ✓ vstd::seq_lib::group_to_multiset_ensures

  src/Chap27/ReduceContractMtEph.rs:
    In use:
      ✓ vstd::std_specs::vec::group_vec_axioms
      ✓ vstd::seq::group_seq_axioms
      ✓ vstd::seq_lib::group_seq_properties
      ✓ vstd::seq_lib::group_to_multiset_ensures

  src/Chap27/ReduceContractStEph.rs:
    In use:
      ✓ vstd::std_specs::vec::group_vec_axioms
      ✓ vstd::seq::group_seq_axioms
      ✓ vstd::seq_lib::group_seq_properties
      ✓ vstd::seq_lib::group_to_multiset_ensures

  src/Chap27/ScanContractMtEph.rs:
    In use:
      ✓ vstd::std_specs::vec::group_vec_axioms
      ✓ vstd::seq::group_seq_axioms
      ✓ vstd::seq_lib::group_seq_properties
      ✓ vstd::seq_lib::group_to_multiset_ensures

  src/Chap27/ScanContractStEph.rs:
    In use:
      ✓ vstd::std_specs::vec::group_vec_axioms
      ✓ vstd::seq::group_seq_axioms
      ✓ vstd::seq_lib::group_seq_properties
      ✓ vstd::seq_lib::group_to_multiset_ensures

  src/Chap28/MCSSSpec.rs:
    In use:
      ✓ vstd::seq::group_seq_axioms
      ✓ vstd::seq_lib::group_seq_properties
      ✓ vstd::seq_lib::group_to_multiset_ensures

  src/Chap28/MaxContigSubSumDivConOptStEph.rs:
    In use:
      ✓ vstd::seq::group_seq_axioms
      ✓ vstd::seq_lib::group_seq_properties
      ✓ vstd::seq_lib::group_to_multiset_ensures

  src/Chap28/MaxContigSubSumDivConStEph.rs:
    In use:
      ✓ vstd::seq::group_seq_axioms
      ✓ vstd::seq_lib::group_seq_properties
      ✓ vstd::seq_lib::group_to_multiset_ensures

  src/Chap28/MaxContigSubSumIterStEph.rs:
    In use:
      ✓ vstd::seq::group_seq_axioms
      ✓ vstd::seq_lib::group_seq_properties
      ✓ vstd::seq_lib::group_to_multiset_ensures

  src/Chap28/MaxContigSubSumOptStEph.rs:
    In use:
      ✓ vstd::seq::group_seq_axioms
      ✓ vstd::seq_lib::group_seq_properties
      ✓ vstd::seq_lib::group_to_multiset_ensures

  src/Chap35/OrderStatSelectMtEph.rs:
    In use:
      ✓ vstd::std_specs::vec::group_vec_axioms
      ✓ vstd::seq::group_seq_axioms
      ✓ vstd::seq_lib::group_to_multiset_ensures
      ✓ vstd::multiset::group_multiset_axioms
      ✓ vstd::seq_lib::group_seq_properties

  src/Chap35/OrderStatSelectMtPer.rs:
    In use:
      ✓ vstd::std_specs::vec::group_vec_axioms
      ✓ vstd::seq::group_seq_axioms
      ✓ vstd::seq_lib::group_to_multiset_ensures
      ✓ vstd::multiset::group_multiset_axioms
      ✓ vstd::seq_lib::group_seq_properties

  src/Chap35/OrderStatSelectStEph.rs:
    In use:
      ✓ vstd::std_specs::vec::group_vec_axioms
      ✓ vstd::seq::group_seq_axioms
      ✓ vstd::seq_lib::group_to_multiset_ensures
      ✓ vstd::multiset::group_multiset_axioms
      ✓ vstd::seq_lib::group_seq_properties

  src/Chap35/OrderStatSelectStPer.rs:
    In use:
      ✓ vstd::std_specs::vec::group_vec_axioms
      ✓ vstd::seq::group_seq_axioms
      ✓ vstd::seq_lib::group_to_multiset_ensures
      ✓ vstd::multiset::group_multiset_axioms
      ✓ vstd::seq_lib::group_seq_properties

  src/Chap36/QuickSortMtEph.rs:
    In use:
      ✓ vstd::std_specs::vec::group_vec_axioms
      ✓ vstd::seq::group_seq_axioms
      ✓ vstd::seq_lib::group_to_multiset_ensures
      ✓ vstd::multiset::group_multiset_axioms

  src/Chap36/QuickSortMtEphSlice.rs:
    In use:
      ✓ vstd::std_specs::vec::group_vec_axioms
      ✓ vstd::seq::group_seq_axioms
      ✓ vstd::seq_lib::group_to_multiset_ensures
      ✓ vstd::multiset::group_multiset_axioms

  src/Chap36/QuickSortStEph.rs:
    In use:
      ✓ vstd::std_specs::vec::group_vec_axioms
      ✓ vstd::seq::group_seq_axioms
      ✓ vstd::seq_lib::group_to_multiset_ensures
      ✓ vstd::multiset::group_multiset_axioms

  src/Chap37/AVLTreeSeqMtPer.rs:
    In use:
      ✓ vstd::seq::group_seq_axioms
      ✓ vstd::seq_lib::group_seq_properties
      ✓ vstd::seq_lib::group_to_multiset_ensures

  src/Chap37/AVLTreeSeqStEph.rs:
    In use:
      ✓ vstd::seq::group_seq_axioms
      ✓ vstd::seq_lib::group_seq_properties
      ✓ vstd::seq_lib::group_to_multiset_ensures

  src/Chap37/AVLTreeSeqStPer.rs:
    In use:
      ✓ vstd::seq::group_seq_axioms
      ✓ vstd::seq_lib::group_seq_properties
      ✓ vstd::seq_lib::group_to_multiset_ensures

  src/Chap38/BSTParaMtEph.rs:
    In use:
      ✓ vstd::set::group_set_axioms
      ✓ vstd::set_lib::group_set_properties

  src/Chap38/BSTParaStEph.rs:
    In use:
      ✓ vstd::set::group_set_axioms

  src/Chap39/BSTParaTreapMtEph.rs:
    In use:
      ✓ vstd::set_lib::group_set_properties
      ✓ vstd::set::group_set_axioms

  src/Chap39/BSTTreapMtEph.rs:
    In use:
      ✓ vstd::set::group_set_axioms

  src/Chap39/BSTTreapStEph.rs:
    In use:
      ✓ vstd::set::group_set_axioms
      ✓ vstd::set_lib::group_set_properties

  src/Chap40/BSTKeyValueStEph.rs:
    In use:
      ✓ vstd::map::group_map_axioms
      ✓ vstd::set::group_set_axioms
      ✓ vstd::map_lib::group_map_union

  src/Chap41/AVLTreeSetMtEph.rs:
    In use:
      ✓ vstd::seq::group_seq_axioms
      ✓ vstd::set::group_set_axioms
      ✓ vstd::set_lib::group_set_lib_default

  src/Chap41/AVLTreeSetMtPer.rs:
    In use:
      ✓ vstd::seq::group_seq_axioms
      ✓ vstd::set::group_set_axioms
      ✓ vstd::set_lib::group_set_lib_default

  src/Chap41/AVLTreeSetStEph.rs:
    In use:
      ✓ vstd::seq::group_seq_axioms
      ✓ vstd::set::group_set_axioms
      ✓ vstd::set_lib::group_set_lib_default
      ✓ vstd::laws_cmp::group_laws_cmp

  src/Chap41/AVLTreeSetStPer.rs:
    In use:
      ✓ vstd::seq::group_seq_axioms
      ✓ vstd::set::group_set_axioms
      ✓ vstd::set_lib::group_set_lib_default
      ✓ vstd::laws_cmp::group_laws_cmp

  src/Chap41/ArraySetEnumMtEph.rs:
    In use:
      ✓ vstd::set::group_set_axioms
      ✓ vstd::set_lib::group_set_lib_default

  src/Chap41/ArraySetStEph.rs:
    In use:
      ✓ vstd::set::group_set_axioms
      ✓ vstd::seq::group_seq_axioms
      ✓ vstd::seq_lib::group_seq_lib_default
      ✓ vstd::seq_lib::group_seq_properties
      ✓ vstd::seq_lib::group_to_multiset_ensures
      ✓ vstd::set_lib::group_set_lib_default

  src/Chap41/Example41_3.rs:
    In use:
      ✓ vstd::laws_cmp::group_laws_cmp

  src/Chap41/OrdKeyMap.rs:
    In use:
      ✓ vstd::map::group_map_axioms
      ✓ vstd::set::group_set_axioms

  src/Chap42/TableMtEph.rs:
    In use:
      ✓ vstd::map::group_map_axioms
      ✓ vstd::seq::group_seq_axioms
      ✓ vstd::seq_lib::group_seq_properties
      ✓ vstd::seq_lib::group_to_multiset_ensures

  src/Chap42/TableStEph.rs:
    In use:
      ✓ vstd::map::group_map_axioms
      ✓ vstd::seq::group_seq_axioms
      ✓ vstd::seq_lib::group_seq_properties
      ✓ vstd::seq_lib::group_to_multiset_ensures

  src/Chap42/TableStPer.rs:
    In use:
      ✓ vstd::map::group_map_axioms
      ✓ vstd::seq::group_seq_axioms
      ✓ vstd::seq_lib::group_seq_properties
      ✓ vstd::seq_lib::group_to_multiset_ensures

  src/Chap43/AugOrderedTableMtEph.rs:
    In use:
      ✓ vstd::map::group_map_axioms

  src/Chap43/AugOrderedTableStEph.rs:
    In use:
      ✓ vstd::map::group_map_axioms

  src/Chap43/AugOrderedTableStPer.rs:
    In use:
      ✓ vstd::map::group_map_axioms

  src/Chap43/OrderedSetMtEph.rs:
    In use:
      ✓ vstd::set::group_set_axioms
      ✓ vstd::set_lib::group_set_lib_default
      ✓ vstd::laws_cmp::group_laws_cmp

  src/Chap43/OrderedSetStEph.rs:
    In use:
      ✓ vstd::set::group_set_axioms
      ✓ vstd::set_lib::group_set_lib_default
      ✓ vstd::laws_cmp::group_laws_cmp

  src/Chap43/OrderedSetStPer.rs:
    In use:
      ✓ vstd::set::group_set_axioms
      ✓ vstd::set_lib::group_set_lib_default
      ✓ vstd::laws_cmp::group_laws_cmp

  src/Chap43/OrderedTableMtEph.rs:
    In use:
      ✓ vstd::map::group_map_axioms

  src/Chap43/OrderedTableMtPer.rs:
    In use:
      ✓ vstd::map::group_map_axioms

  src/Chap43/OrderedTableStEph.rs:
    In use:
      ✓ vstd::map::group_map_axioms
      ✓ vstd::set::group_set_axioms

  src/Chap43/OrderedTableStPer.rs:
    In use:
      ✓ vstd::map::group_map_axioms
      ✓ vstd::set::group_set_axioms

  src/Chap45/BalancedTreePQ.rs:
    In use:
      ✓ vstd::seq::group_seq_axioms
      ✓ vstd::seq_lib::group_seq_properties
      ✓ vstd::seq_lib::group_to_multiset_ensures

  src/Chap45/BinaryHeapPQ.rs:
    In use:
      ✓ vstd::seq::group_seq_axioms
      ✓ vstd::seq_lib::group_seq_properties
      ✓ vstd::seq_lib::group_to_multiset_ensures
      ✓ vstd::std_specs::vec::group_vec_axioms

  src/Chap45/HeapsortExample.rs:
    In use:
      ✓ vstd::seq::group_seq_axioms
      ✓ vstd::seq_lib::group_seq_properties
      ✓ vstd::seq_lib::group_to_multiset_ensures

  src/Chap45/LeftistHeapPQ.rs:
    In use:
      ✓ vstd::multiset::group_multiset_axioms
      ✓ vstd::seq::group_seq_axioms
      ✓ vstd::seq_lib::group_seq_properties
      ✓ vstd::seq_lib::group_to_multiset_ensures
      ✓ vstd::std_specs::vec::group_vec_axioms

  src/Chap45/SortedListPQ.rs:
    In use:
      ✓ vstd::multiset::group_multiset_axioms
      ✓ vstd::seq::group_seq_axioms
      ✓ vstd::seq_lib::group_seq_properties
      ✓ vstd::seq_lib::group_to_multiset_ensures
      ✓ vstd::std_specs::vec::group_vec_axioms

  src/Chap45/UnsortedListPQ.rs:
    In use:
      ✓ vstd::multiset::group_multiset_axioms
      ✓ vstd::seq::group_seq_axioms
      ✓ vstd::seq_lib::group_seq_properties
      ✓ vstd::seq_lib::group_to_multiset_ensures
      ✓ vstd::std_specs::vec::group_vec_axioms

  src/Chap49/MinEditDistMtEph.rs:
    In use:
      ✓ vstd::seq::group_seq_axioms
      ✓ vstd::std_specs::hash::group_hash_axioms

  src/Chap49/MinEditDistMtPer.rs:
    In use:
      ✓ vstd::seq::group_seq_axioms
      ✓ vstd::std_specs::hash::group_hash_axioms

  src/Chap49/MinEditDistStEph.rs:
    In use:
      ✓ vstd::seq::group_seq_axioms
      ✓ vstd::std_specs::hash::group_hash_axioms

  src/Chap49/MinEditDistStPer.rs:
    In use:
      ✓ vstd::seq::group_seq_axioms
      ✓ vstd::std_specs::hash::group_hash_axioms

  src/Chap49/SubsetSumMtEph.rs:
    In use:
      ✓ vstd::seq::group_seq_axioms
      ✓ vstd::std_specs::hash::group_hash_axioms

  src/Chap49/SubsetSumMtPer.rs:
    In use:
      ✓ vstd::seq::group_seq_axioms
      ✓ vstd::std_specs::hash::group_hash_axioms

  src/Chap49/SubsetSumStEph.rs:
    In use:
      ✓ vstd::seq::group_seq_axioms
      ✓ vstd::std_specs::hash::group_hash_axioms

  src/Chap49/SubsetSumStPer.rs:
    In use:
      ✓ vstd::seq::group_seq_axioms
      ✓ vstd::std_specs::hash::group_hash_axioms

  src/Chap50/MatrixChainMtEph.rs:
    In use:
      ✓ vstd::map::group_map_axioms
      ✓ vstd::seq::group_seq_axioms
      ✓ vstd::seq_lib::group_seq_properties
      ✓ vstd::seq_lib::group_to_multiset_ensures

  src/Chap50/MatrixChainMtPer.rs:
    In use:
      ✓ vstd::map::group_map_axioms
      ✓ vstd::seq::group_seq_axioms
      ✓ vstd::seq_lib::group_seq_properties
      ✓ vstd::seq_lib::group_to_multiset_ensures

  src/Chap50/MatrixChainStEph.rs:
    In use:
      ✓ vstd::map::group_map_axioms
      ✓ vstd::seq::group_seq_axioms
      ✓ vstd::seq_lib::group_seq_properties
      ✓ vstd::seq_lib::group_to_multiset_ensures

  src/Chap50/MatrixChainStPer.rs:
    In use:
      ✓ vstd::map::group_map_axioms
      ✓ vstd::seq::group_seq_axioms
      ✓ vstd::seq_lib::group_seq_properties
      ✓ vstd::seq_lib::group_to_multiset_ensures

  src/Chap50/OptBinSearchTreeMtEph.rs:
    In use:
      ✓ vstd::map::group_map_axioms
      ✓ vstd::seq::group_seq_axioms
      ✓ vstd::seq_lib::group_seq_properties

  src/Chap50/OptBinSearchTreeMtPer.rs:
    In use:
      ✓ vstd::map::group_map_axioms
      ✓ vstd::seq::group_seq_axioms
      ✓ vstd::seq_lib::group_seq_properties

  src/Chap50/OptBinSearchTreeStEph.rs:
    In use:
      ✓ vstd::map::group_map_axioms
      ✓ vstd::seq::group_seq_axioms
      ✓ vstd::seq_lib::group_seq_properties

  src/Chap50/OptBinSearchTreeStPer.rs:
    In use:
      ✓ vstd::map::group_map_axioms
      ✓ vstd::seq::group_seq_axioms
      ✓ vstd::seq_lib::group_seq_properties

  src/Chap51/TopDownDPMtEph.rs:
    In use:
      ✓ vstd::map::group_map_axioms
      ✓ vstd::seq::group_seq_axioms
      ✓ vstd::std_specs::hash::group_hash_axioms

  src/Chap51/TopDownDPMtPer.rs:
    In use:
      ✓ vstd::map::group_map_axioms
      ✓ vstd::seq::group_seq_axioms
      ✓ vstd::std_specs::hash::group_hash_axioms

  src/Chap51/TopDownDPStEph.rs:
    In use:
      ✓ vstd::map::group_map_axioms
      ✓ vstd::seq::group_seq_axioms

  src/Chap51/TopDownDPStPer.rs:
    In use:
      ✓ vstd::map::group_map_axioms
      ✓ vstd::seq::group_seq_axioms

  src/Chap52/AdjMatrixGraphMtEph.rs:
    In use:
      ✓ vstd::seq::group_seq_axioms
      ✓ vstd::seq_lib::group_seq_properties
      ✓ vstd::seq_lib::group_to_multiset_ensures

  src/Chap52/AdjMatrixGraphMtPer.rs:
    In use:
      ✓ vstd::seq::group_seq_axioms
      ✓ vstd::seq_lib::group_seq_properties
      ✓ vstd::seq_lib::group_to_multiset_ensures

  src/Chap52/AdjMatrixGraphStEph.rs:
    In use:
      ✓ vstd::seq::group_seq_axioms
      ✓ vstd::seq_lib::group_seq_properties
      ✓ vstd::seq_lib::group_to_multiset_ensures

  src/Chap52/AdjMatrixGraphStPer.rs:
    In use:
      ✓ vstd::seq::group_seq_axioms
      ✓ vstd::seq_lib::group_seq_properties
      ✓ vstd::seq_lib::group_to_multiset_ensures

  src/Chap52/AdjSeqGraphMtEph.rs:
    In use:
      ✓ vstd::seq::group_seq_axioms
      ✓ vstd::seq_lib::group_seq_properties
      ✓ vstd::seq_lib::group_to_multiset_ensures

  src/Chap52/AdjSeqGraphMtPer.rs:
    In use:
      ✓ vstd::seq::group_seq_axioms
      ✓ vstd::seq_lib::group_seq_properties
      ✓ vstd::seq_lib::group_to_multiset_ensures

  src/Chap52/AdjSeqGraphStEph.rs:
    In use:
      ✓ vstd::seq::group_seq_axioms
      ✓ vstd::seq_lib::group_seq_properties
      ✓ vstd::seq_lib::group_to_multiset_ensures

  src/Chap52/AdjSeqGraphStPer.rs:
    In use:
      ✓ vstd::seq::group_seq_axioms
      ✓ vstd::seq_lib::group_seq_properties
      ✓ vstd::seq_lib::group_to_multiset_ensures

  src/Chap52/AdjTableGraphMtPer.rs:
    In use:
      ✓ vstd::map::group_map_axioms
      ✓ vstd::set::group_set_axioms
      ✓ vstd::set_lib::group_set_lib_default

  src/Chap52/AdjTableGraphStEph.rs:
    In use:
      ✓ vstd::map::group_map_axioms
      ✓ vstd::set::group_set_axioms
      ✓ vstd::set_lib::group_set_lib_default

  src/Chap52/AdjTableGraphStPer.rs:
    In use:
      ✓ vstd::map::group_map_axioms
      ✓ vstd::set::group_set_axioms
      ✓ vstd::set_lib::group_set_lib_default

  src/Chap52/EdgeSetGraphMtPer.rs:
    In use:
      ✓ vstd::set::group_set_axioms
      ✓ vstd::set_lib::group_set_lib_default

  src/Chap52/EdgeSetGraphStEph.rs:
    In use:
      ✓ vstd::set::group_set_axioms
      ✓ vstd::set_lib::group_set_lib_default

  src/Chap52/EdgeSetGraphStPer.rs:
    In use:
      ✓ vstd::set::group_set_axioms
      ✓ vstd::set_lib::group_set_lib_default

  src/Chap54/BFSMtEph.rs:
    In use:
      ✓ vstd::std_specs::vecdeque::group_vec_dequeue_axioms

  src/Chap54/BFSStEph.rs:
    In use:
      ✓ vstd::std_specs::vecdeque::group_vec_dequeue_axioms

  src/Chap54/BFSStPer.rs:
    In use:
      ✓ vstd::std_specs::vecdeque::group_vec_dequeue_axioms

  src/Chap55/CycleDetectStEph.rs:
    In use:
      ✓ vstd::seq::group_seq_axioms

  src/Chap55/CycleDetectStPer.rs:
    In use:
      ✓ vstd::seq::group_seq_axioms

  src/Chap55/DFSStEph.rs:
    In use:
      ✓ vstd::seq::group_seq_axioms

  src/Chap55/DFSStPer.rs:
    In use:
      ✓ vstd::seq::group_seq_axioms

  src/Chap55/SCCStEph.rs:
    In use:
      ✓ vstd::seq::group_seq_axioms
      ✓ vstd::seq_lib::group_seq_properties

  src/Chap55/SCCStPer.rs:
    In use:
      ✓ vstd::seq::group_seq_axioms
      ✓ vstd::seq_lib::group_seq_properties

  src/Chap55/TopoSortStEph.rs:
    In use:
      ✓ vstd::seq::group_seq_axioms
      ✓ vstd::seq_lib::group_seq_properties
      ✓ vstd::seq_lib::group_to_multiset_ensures

  src/Chap56/SSSPResultStPerF64.rs:
    In use:
      ✓ vstd::seq::group_seq_axioms
      ✓ vstd::seq_lib::group_seq_properties
      ✓ vstd::seq_lib::group_to_multiset_ensures

  src/Chap57/StackStEph.rs:
    In use:
      ✓ vstd::seq::group_seq_axioms
      ✓ vstd::seq_lib::group_seq_properties
      ✓ vstd::seq_lib::group_to_multiset_ensures

  src/Chap66/BoruvkaMtEph.rs:
    In use:
      ✓ vstd::set::group_set_axioms

  src/Chap66/BoruvkaStEph.rs:
    In use:
      ✓ vstd::set::group_set_axioms

  src/ParaPairs.rs:
    In use:
      ✓ vstd::set::group_set_axioms
      ✓ vstd::set_lib::group_set_lib_default

  src/Types.rs:
    In use:
      ✓ vstd::seq::group_seq_axioms
      ✓ vstd::seq_lib::group_seq_properties
      ✓ vstd::seq_lib::group_to_multiset_ensures
      ✓ vstd::set::group_set_axioms
      ✓ vstd::set_lib::group_set_lib_default

  src/experiments/SetLoops.rs:
    In use:
      ✓ vstd::std_specs::hash::group_hash_axioms

  src/experiments/ToVecProof.rs:
    In use:
      ✓ vstd::std_specs::hash::group_hash_axioms

  src/experiments/abstract_set_iter.rs:
    In use:
      ✓ vstd::seq_lib::group_seq_properties
      ✓ vstd::seq::group_seq_axioms
      ✓ vstd::set::group_set_axioms
      ✓ vstd::set_lib::group_set_lib_default

  src/experiments/checked_signed_int.rs:
    In use:
      ✓ vstd::arithmetic::mul::group_mul_properties

  src/experiments/checked_unsigned_int.rs:
    In use:
      ✓ vstd::arithmetic::mul::group_mul_properties

  src/experiments/clone_plus_vs_deep_clone.rs:
    In use:
      ✓ vstd::std_specs::vec::group_vec_axioms
      ✓ vstd::laws_eq::group_laws_eq
      ✓ vstd::seq::group_seq_axioms
      ✓ vstd::seq_lib::group_seq_properties
      ✓ vstd::seq_lib::group_to_multiset_ensures

  src/experiments/coarse_lock_parallel_tsm.rs:
    In use:
      ✓ vstd::std_specs::vec::group_vec_axioms
      ✓ vstd::seq::group_seq_axioms
      ✓ vstd::seq_lib::group_seq_properties

  src/experiments/collect.rs:
    In use:
      ✓ vstd::std_specs::vec::group_vec_axioms
      ✓ vstd::seq::group_seq_axioms
      ✓ vstd::seq_lib::group_seq_properties
      ✓ vstd::seq_lib::group_to_multiset_ensures

  src/experiments/collect2.rs:
    In use:
      ✓ vstd::std_specs::vec::group_vec_axioms
      ✓ vstd::seq::group_seq_axioms
      ✓ vstd::seq_lib::group_seq_properties
      ✓ vstd::seq_lib::group_to_multiset_ensures

  src/experiments/collect_deep_view.rs:
    In use:
      ✓ vstd::std_specs::vec::group_vec_axioms
      ✓ vstd::seq::group_seq_axioms
      ✓ vstd::seq_lib::group_seq_properties
      ✓ vstd::seq_lib::group_to_multiset_ensures

  src/experiments/f64_bits_sort.rs:
    In use:
      ✓ vstd::std_specs::vec::group_vec_axioms
      ✓ vstd::seq::group_seq_axioms
      ✓ vstd::seq_lib::group_seq_properties
      ✓ vstd::seq_lib::group_to_multiset_ensures

  src/experiments/f64_float_cmp_sort.rs:
    In use:
      ✓ vstd::std_specs::vec::group_vec_axioms
      ✓ vstd::seq::group_seq_axioms
      ✓ vstd::seq_lib::group_seq_properties
      ✓ vstd::seq_lib::group_to_multiset_ensures

  src/experiments/f64_sort.rs:
    In use:
      ✓ vstd::std_specs::vec::group_vec_axioms
      ✓ vstd::seq::group_seq_axioms
      ✓ vstd::seq_lib::group_seq_properties
      ✓ vstd::seq_lib::group_to_multiset_ensures

  src/experiments/hash_set_modern_pattern.rs:
    In use:
      ✓ vstd::std_specs::hash::group_hash_axioms

  src/experiments/hash_set_with_view_plus_loops.rs:
    In use:
      ✓ vstd::seq_lib::group_seq_properties
      ✓ vstd::seq::group_seq_axioms
      ✓ vstd::seq_lib::group_to_multiset_ensures

  src/experiments/seq_set_exec.rs:
    In use:
      ✓ vstd::seq_lib::group_seq_properties
      ✓ vstd::set::group_set_axioms
      ✓ vstd::seq::group_seq_axioms
      ✓ vstd::seq_lib::group_to_multiset_ensures

  src/experiments/sigma_pi.rs:
    In use:
      ✓ vstd::arithmetic::mul::group_mul_properties
      ✓ vstd::set::group_set_axioms
      ✓ vstd::set_lib::group_set_lib_default

  src/experiments/signed_int.rs:
    In use:
      ✓ vstd::arithmetic::mul::group_mul_properties

  src/experiments/simple_hash_set_iter.rs:
    In use:
      ✓ vstd::seq_lib::group_seq_properties
      ✓ vstd::seq::group_seq_axioms
      ✓ vstd::set::group_set_axioms
      ✓ vstd::std_specs::hash::group_hash_axioms
      ✓ vstd::set_lib::group_set_lib_default

  src/experiments/simple_seq_iter.rs:
    In use:
      ✓ vstd::seq_lib::group_seq_properties
      ✓ vstd::seq::group_seq_axioms
      ✓ vstd::seq_lib::group_to_multiset_ensures

  src/experiments/simple_set_iter.rs:
    In use:
      ✓ vstd::seq_lib::group_seq_properties
      ✓ vstd::seq::group_seq_axioms
      ✓ vstd::set::group_set_axioms
      ✓ vstd::seq_lib::group_to_multiset_ensures
      ✓ vstd::set_lib::group_set_lib_default

  src/experiments/spec_fun_argument.rs:
    In use:
      ✓ vstd::set::group_set_axioms
      ✓ vstd::multiset::group_multiset_axioms
      ✓ vstd::multiset::group_multiset_properties
      ✓ vstd::seq_lib::group_to_multiset_ensures
      ✓ vstd::seq_lib::group_filter_ensures

  src/experiments/test_feq.rs:
    In use:
      ✓ vstd::seq::group_seq_axioms
      ✓ vstd::seq_lib::group_seq_properties
      ✓ vstd::seq_lib::group_to_multiset_ensures

  src/experiments/unsigned_int.rs:
    In use:
      ✓ vstd::arithmetic::mul::group_mul_properties

  src/experiments/vec_clone_in_verus.rs:
    In use:
      ✓ vstd::std_specs::vec::group_vec_axioms
      ✓ vstd::seq::group_seq_axioms
      ✓ vstd::seq_lib::group_seq_properties
      ✓ vstd::seq_lib::group_to_multiset_ensures

  src/experiments/vec_filter.rs:
    In use:
      ✓ vstd::set::group_set_axioms
      ✓ vstd::multiset::group_multiset_axioms
      ✓ vstd::multiset::group_multiset_properties
      ✓ vstd::seq_lib::group_to_multiset_ensures
      ✓ vstd::seq_lib::group_filter_ensures

  src/experiments/vec_remove_duplicates.rs:
    In use:
      ✓ vstd::std_specs::vec::group_vec_axioms
      ✓ vstd::seq::group_seq_axioms
      ✓ vstd::seq_lib::group_seq_properties
      ✓ vstd::seq_lib::group_to_multiset_ensures

  src/standards/table_of_contents_standard.rs:
    In use:
      ✓ vstd::seq::group_seq_axioms

═══════════════════════════════════════════════════════════════
Phase 7: Testing lemma dependence on vstd
═══════════════════════════════════════════════════════════════

For each lemma: replace body with {}, verify, restore.
If verification passes, vstd broadcast groups can prove it (DEPENDENT).

[1/128] Testing dependence of lemma_pow2_lt_u32_max[nat]... emptying body... verifying... FAILED → INDEPENDENT [initial 6.5s -> now 2.3s (incremental -4.2s)]
[2/128] Testing dependence of lemma_seq_fold_left_plus_is_weighted_seq_sum_u64... emptying body... verifying... FAILED → INDEPENDENT [initial 6.5s -> now 2.3s (incremental -4.2s)]
[3/128] Testing dependence of lemma_add_commutative_ghost... emptying body... verifying... FAILED → INDEPENDENT [initial 6.5s -> now 2.3s (incremental -4.2s)]
[4/128] Testing dependence of lemma_nat_any_order_no_overflow[nat]... emptying body... verifying... FAILED → INDEPENDENT [initial 6.5s -> now 2.5s (incremental -4.0s)]
[5/128] Testing dependence of lemma_mul_commutative_ghost... emptying body... verifying... FAILED → INDEPENDENT [initial 6.5s -> now 2.5s (incremental -4.0s)]
[6/128] Testing dependence of lemma_fold_left_int_equals_nat_as_int_u16... emptying body... verifying... FAILED → INDEPENDENT [initial 6.5s -> now 2.6s (incremental -4.0s)]
[7/128] Testing dependence of axiom_obeys_feq_full... emptying body... verifying... FAILED → INDEPENDENT [initial 6.5s -> now 2.5s (incremental -4.1s)]
[8/128] Testing dependence of lemma_spec_nat_seq_sum_is_nat_set_sum[nat]... emptying body... verifying... FAILED → INDEPENDENT [initial 6.5s -> now 2.4s (incremental -4.1s)]
[9/128] Testing dependence of lemma_signed_seq_fold_left_plus_is_weighted_seq_sum... emptying body... verifying... FAILED → INDEPENDENT [initial 6.5s -> now 2.4s (incremental -4.1s)]
[10/128] Testing dependence of axiom_CheckedU32_feq... emptying body... verifying... FAILED → INDEPENDENT [initial 6.5s -> now 2.4s (incremental -4.1s)]
[11/128] Testing dependence of axiom_strictly_cloned_implies_eq_owned... emptying body... verifying... FAILED → INDEPENDENT [initial 6.5s -> now 2.5s (incremental -4.1s)]
[12/128] Testing dependence of lemma_sum_int_unfold_take[int]... emptying body... verifying... FAILED → INDEPENDENT [initial 6.5s -> now 2.4s (incremental -4.1s)]
[13/128] Testing dependence of lemma_sum_monotonic... emptying body... verifying... PASSED → DEPENDENT [initial 6.5s -> now 6.5s (incremental -0.0s)]
[14/128] Testing dependence of lemma_sum_u32_unfold_take[int]... emptying body... verifying... FAILED → INDEPENDENT [initial 6.5s -> now 2.3s (incremental -4.2s)]
[15/128] Testing dependence of lemma_reveal_view_injective... emptying body... verifying... FAILED → INDEPENDENT [initial 6.5s -> now 2.3s (incremental -4.2s)]
[16/128] Testing dependence of lemma_sum_checked_u32_unfold_take[int]... emptying body... verifying... FAILED → INDEPENDENT [initial 6.5s -> now 2.3s (incremental -4.2s)]
[17/128] Testing dependence of lemma_spec_filter_len_le_len... emptying body... verifying... FAILED → INDEPENDENT [initial 6.5s -> now 2.3s (incremental -4.2s)]
[18/128] Testing dependence of lemma_mul_distributes_over_add_ghost... emptying body... verifying... PASSED → DEPENDENT [initial 6.5s -> now 6.5s (incremental -0.0s)]
[19/128] Testing dependence of lemma_add_normal_if_sum_fits... emptying body... verifying... PASSED → DEPENDENT [initial 6.5s -> now 6.4s (incremental -0.2s)]
[20/128] Testing dependence of lemma_add_associative_ghost... emptying body... verifying... FAILED → INDEPENDENT [initial 6.5s -> now 2.3s (incremental -4.2s)]
[21/128] Testing dependence of lemma_mul_associative_ghost... emptying body... verifying... FAILED → INDEPENDENT [initial 6.5s -> now 2.3s (incremental -4.2s)]
[22/128] Testing dependence of lemma_fold_left_int_equals_nat_as_int... emptying body... verifying... FAILED → INDEPENDENT [initial 6.5s -> now 2.3s (incremental -4.2s)]
[23/128] Testing dependence of lemma_push_not_contains_to_set_superset... emptying body... verifying... FAILED → INDEPENDENT [initial 6.5s -> now 2.3s (incremental -4.2s)]
[24/128] Testing dependence of lemma_signed_seq_fold_left_plus_is_weighted_seq_sum_isize... emptying body... verifying... FAILED → INDEPENDENT [initial 6.5s -> now 2.3s (incremental -4.2s)]
[25/128] Testing dependence of lemma_signed_seq_fold_left_plus_is_weighted_seq_sum_i8... emptying body... verifying... FAILED → INDEPENDENT [initial 6.5s -> now 2.3s (incremental -4.2s)]
[26/128] Testing dependence of lemma_take_extends_set_subset[int]... emptying body... verifying... FAILED → INDEPENDENT [initial 6.5s -> now 2.3s (incremental -4.2s)]
[27/128] Testing dependence of lemma_nat_partial_sum_monotonic[nat,int]... emptying body... verifying... FAILED → INDEPENDENT [initial 6.5s -> now 2.3s (incremental -4.2s)]
[28/128] Testing dependence of lemma_pow2_31_lt_u32_max... emptying body... verifying... FAILED → INDEPENDENT [initial 6.5s -> now 2.3s (incremental -4.3s)]
[29/128] Testing dependence of axiom_hash_set_with_view_plus_finite... emptying body... verifying... FAILED → INDEPENDENT [initial 6.5s -> now 2.5s (incremental -4.0s)]
[30/128] Testing dependence of lemma_seq_fold_left_plus_is_weighted_seq_sum_usize... emptying body... verifying... FAILED → INDEPENDENT [initial 6.5s -> now 2.3s (incremental -4.2s)]
[31/128] Testing dependence of lemma_multiset_filter_distributes_over_add... emptying body... verifying... FAILED → INDEPENDENT [initial 6.5s -> now 2.3s (incremental -4.2s)]
[32/128] Testing dependence of lemma_spec_filter_len_nonneg... emptying body... verifying... FAILED → INDEPENDENT [initial 6.5s -> now 2.3s (incremental -4.2s)]
[33/128] Testing dependence of lemma_signed_seq_fold_left_plus_is_weighted_seq_sum_i128... emptying body... verifying... FAILED → INDEPENDENT [initial 6.5s -> now 2.3s (incremental -4.2s)]
[34/128] Testing dependence of lemma_no_dup_same_set_implies_same_multiset... emptying body... verifying... FAILED → INDEPENDENT [initial 6.5s -> now 2.3s (incremental -4.2s)]
[35/128] Testing dependence of lemma_weighted_seq_sum_is_set_sum... emptying body... verifying... FAILED → INDEPENDENT [initial 6.5s -> now 2.3s (incremental -4.2s)]
[36/128] Testing dependence of lemma_seq_fold_left_plus_is_weighted_seq_sum_u16... emptying body... verifying... FAILED → INDEPENDENT [initial 6.5s -> now 2.3s (incremental -4.2s)]
[37/128] Testing dependence of lemma_add_associative_ghost... emptying body... verifying... FAILED → INDEPENDENT [initial 6.5s -> now 2.3s (incremental -4.2s)]
[38/128] Testing dependence of lemma_weighted_fold_left_step[int]... emptying body... verifying... FAILED → INDEPENDENT [initial 6.5s -> now 2.5s (incremental -4.0s)]
[39/128] Testing dependence of lemma_sum_int_push[int]... emptying body... verifying... FAILED → INDEPENDENT [initial 6.5s -> now 2.5s (incremental -4.1s)]
[40/128] Testing dependence of lemma_fold_left_int_equals_nat_as_int_u128... emptying body... verifying... FAILED → INDEPENDENT [initial 6.5s -> now 2.6s (incremental -4.0s)]
[41/128] Testing dependence of lemma_sum_int_equiv[int]... emptying body... verifying... FAILED → INDEPENDENT [initial 6.5s -> now 2.5s (incremental -4.0s)]
[42/128] Testing dependence of lemma_to_seq_no_duplicates... emptying body... verifying... FAILED → INDEPENDENT [initial 6.5s -> now 2.5s (incremental -4.0s)]
[43/128] Testing dependence of lemma_spec_nat_seq_sum_permutation_invariant[nat]... emptying body... verifying... FAILED → INDEPENDENT [initial 6.5s -> now 2.5s (incremental -4.0s)]
[44/128] Testing dependence of lemma_pow2_63_lt_u64_max... emptying body... verifying... FAILED → INDEPENDENT [initial 6.5s -> now 2.6s (incremental -4.0s)]
[45/128] Testing dependence of axiom_obeys_view_eq... emptying body... verifying... FAILED → INDEPENDENT [initial 6.5s -> now 2.5s (incremental -4.0s)]
[46/128] Testing dependence of lemma_push_not_contains_to_set_subset... emptying body... verifying... FAILED → INDEPENDENT [initial 6.5s -> now 2.3s (incremental -4.2s)]
[47/128] Testing dependence of totality<f64, f32> (2 type variants)... emptying body... verifying... FAILED → INDEPENDENT [initial 6.5s -> now 2.3s (incremental -4.2s)]
[48/128] Testing dependence of lemma_seq_fold_left_plus_is_weighted_seq_sum_u8... emptying body... verifying... FAILED → INDEPENDENT [initial 6.5s -> now 2.3s (incremental -4.3s)]
[49/128] Testing dependence of lemma_int_fold_equals_nat_fold_weighted... emptying body... verifying... FAILED → INDEPENDENT [initial 6.5s -> now 2.3s (incremental -4.2s)]
[50/128] Testing dependence of lemma_u32_view_identity... emptying body... verifying... FAILED → INDEPENDENT [initial 6.5s -> now 2.3s (incremental -4.2s)]
[51/128] Testing dependence of lemma_spec_nat_seq_sum_no_intermediate_overflow[nat]... emptying body... verifying... FAILED → INDEPENDENT [initial 6.5s -> now 2.3s (incremental -4.2s)]
[52/128] Testing dependence of axiom_strictly_cloned_implies_eq... emptying body... verifying... FAILED → INDEPENDENT [initial 6.5s -> now 2.5s (incremental -4.1s)]
[53/128] Testing dependence of lemma_multiset_insert_filter_pos... emptying body... verifying... FAILED → INDEPENDENT [initial 6.5s -> now 2.6s (incremental -4.0s)]
[54/128] Testing dependence of lemma_fold_left_int_equals_nat_as_int_u64... emptying body... verifying... FAILED → INDEPENDENT [initial 6.5s -> now 2.6s (incremental -4.0s)]
[55/128] Testing dependence of lemma_signed_seq_fold_left_plus_is_weighted_seq_sum_i64... emptying body... verifying... FAILED → INDEPENDENT [initial 6.5s -> now 2.5s (incremental -4.0s)]
[56/128] Testing dependence of lemma_seq_fold_left_plus_is_weighted_seq_sum... emptying body... verifying... FAILED → INDEPENDENT [initial 6.5s -> now 2.5s (incremental -4.0s)]
[57/128] Testing dependence of lemma_flatten_contains[int]... emptying body... verifying... FAILED → INDEPENDENT [initial 6.5s -> now 2.5s (incremental -4.0s)]
[58/128] Testing dependence of lemma_mul_distributes_over_sub_ghost... emptying body... verifying... PASSED → DEPENDENT [initial 6.5s -> now 8.4s (incremental +1.9s)]
[59/128] Testing dependence of lemma_add_commutative_ghost... emptying body... verifying... FAILED → INDEPENDENT [initial 6.5s -> now 2.3s (incremental -4.2s)]
[60/128] Testing dependence of lemma_pow2_lt_u64_max[nat]... emptying body... verifying... FAILED → INDEPENDENT [initial 6.5s -> now 2.5s (incremental -4.1s)]
[61/128] Testing dependence of lemma_multiset_insert_filter_neg... emptying body... verifying... FAILED → INDEPENDENT [initial 6.5s -> now 2.4s (incremental -4.1s)]
[62/128] Testing dependence of lemma_fold_left_int_equals_nat_as_int_u8... emptying body... verifying... FAILED → INDEPENDENT [initial 6.5s -> now 2.4s (incremental -4.1s)]
[63/128] Testing dependence of lemma_signed_seq_fold_left_plus_is_weighted_seq_sum_i16... emptying body... verifying... FAILED → INDEPENDENT [initial 6.5s -> now 2.4s (incremental -4.2s)]
[64/128] Testing dependence of lemma_view_injective... emptying body... verifying... FAILED → INDEPENDENT [initial 6.5s -> now 2.5s (incremental -4.0s)]
[65/128] Testing dependence of lemma_fold_left_int_equals_nat_as_int_usize... emptying body... verifying... FAILED → INDEPENDENT [initial 6.5s -> now 2.5s (incremental -4.1s)]
[66/128] Testing dependence of lemma_mul_associative_ghost... emptying body... verifying... FAILED → INDEPENDENT [initial 6.5s -> now 2.5s (incremental -4.1s)]
[67/128] Testing dependence of lemma_seq_fold_left_plus_is_weighted_seq_sum_u128... emptying body... verifying... FAILED → INDEPENDENT [initial 6.5s -> now 2.5s (incremental -4.1s)]
[68/128] Testing dependence of lemma_sub_anticommutative_ghost... emptying body... verifying... FAILED → INDEPENDENT [initial 6.5s -> now 2.6s (incremental -4.0s)]
[69/128] Testing dependence of lemma_take_extends_set_superset[int]... emptying body... verifying... FAILED → INDEPENDENT [initial 6.5s -> now 2.5s (incremental -4.0s)]
[70/128] Testing dependence of lemma_mul_commutative_ghost... emptying body... verifying... FAILED → INDEPENDENT [initial 6.5s -> now 2.5s (incremental -4.0s)]
[71/128] Testing dependence of axiom_CheckedU32_key_model... emptying body... verifying... FAILED → INDEPENDENT [initial 6.5s -> now 2.5s (incremental -4.1s)]
[72/128] Testing dependence of lemma_set_contains_iff_to_seq_map_contains... emptying body... verifying... FAILED → INDEPENDENT [initial 6.5s -> now 2.5s (incremental -4.0s)]
[73/128] Testing dependence of lemma_mul_distributes_over_add_ghost... emptying body... verifying... PASSED → DEPENDENT [initial 6.5s -> now 6.6s (incremental +0.0s)]
[74/128] Testing dependence of lemma_weighted_seq_fold_equals_set_fold_u16... emptying body... verifying... FAILED → INDEPENDENT [initial 6.5s -> now 2.6s (incremental -3.9s)]
[75/128] Testing dependence of lemma_flatten_all... emptying body... verifying... FAILED → INDEPENDENT [initial 6.5s -> now 2.5s (incremental -4.0s)]
[76/128] Testing dependence of lemma_signed_weighted_seq_fold_equals_set_fold_i128... emptying body... verifying... FAILED → INDEPENDENT [initial 6.5s -> now 2.4s (incremental -4.2s)]
[77/128] Testing dependence of lemma_weighted_seq_fold_equals_set_fold_u64... emptying body... verifying... FAILED → INDEPENDENT [initial 6.5s -> now 2.6s (incremental -4.0s)]
[78/128] Testing dependence of lemma_map_not_contains_implies_all_ne... emptying body... verifying... FAILED → INDEPENDENT [initial 6.5s -> now 2.6s (incremental -4.0s)]
[79/128] Testing dependence of lemma_weighted_seq_fold_equals_set_fold... emptying body... verifying... FAILED → INDEPENDENT [initial 6.5s -> now 2.6s (incremental -4.0s)]
[80/128] Testing dependence of lemma_to_seq_gives_same_set... emptying body... verifying... FAILED → INDEPENDENT [initial 6.5s -> now 2.5s (incremental -4.1s)]
[81/128] Testing dependence of lemma_signed_weighted_seq_fold_equals_set_fold_i64... emptying body... verifying... FAILED → INDEPENDENT [initial 6.5s -> now 2.5s (incremental -4.0s)]
[82/128] Testing dependence of lemma_signed_weighted_seq_fold_equals_set_fold_i16... emptying body... verifying... FAILED → INDEPENDENT [initial 6.5s -> now 2.5s (incremental -4.0s)]
[83/128] Testing dependence of lemma_weighted_seq_fold_equals_set_fold_usize... emptying body... verifying... FAILED → INDEPENDENT [initial 6.5s -> now 2.6s (incremental -4.0s)]
[84/128] Testing dependence of lemma_signed_weighted_seq_fold_equals_set_fold_isize... emptying body... verifying... FAILED → INDEPENDENT [initial 6.5s -> now 2.5s (incremental -4.1s)]
[85/128] Testing dependence of lemma_flatten_len_is_inner_lens_sum... emptying body... verifying... FAILED → INDEPENDENT [initial 6.5s -> now 2.5s (incremental -4.0s)]
[86/128] Testing dependence of lemma_seq_map_to_set_eq_set_map... emptying body... verifying... FAILED → INDEPENDENT [initial 6.5s -> now 2.6s (incremental -4.0s)]
[87/128] Testing dependence of lemma_signed_weighted_seq_fold_equals_set_fold... emptying body... verifying... FAILED → INDEPENDENT [initial 6.5s -> now 2.6s (incremental -4.0s)]
[88/128] Testing dependence of lemma_weighted_seq_fold_equals_set_fold_u128... emptying body... verifying... FAILED → INDEPENDENT [initial 6.5s -> now 2.5s (incremental -4.1s)]
[89/128] Testing dependence of lemma_weighted_seq_fold_equals_set_fold_u8... emptying body... verifying... FAILED → INDEPENDENT [initial 6.5s -> now 2.5s (incremental -4.0s)]
[90/128] Testing dependence of lemma_spec_nat_seq_fold_equals_spec_set_fold[nat]... emptying body... verifying... FAILED → INDEPENDENT [initial 6.5s -> now 2.5s (incremental -4.0s)]
[91/128] Testing dependence of lemma_take_full_to_set_with_view... emptying body... verifying... FAILED → INDEPENDENT [initial 6.5s -> now 2.4s (incremental -4.1s)]
[92/128] Testing dependence of lemma_take_one_more_extends_the_seq_set[int]... emptying body... verifying... FAILED → INDEPENDENT [initial 6.5s -> now 2.5s (incremental -4.0s)]
[93/128] Testing dependence of lemma_signed_weighted_seq_fold_equals_set_fold_i8... emptying body... verifying... FAILED → INDEPENDENT [initial 6.5s -> now 2.5s (incremental -4.0s)]
[94/128] Testing dependence of lemma_flatten_01_eq_spec_filter_len... emptying body... verifying... FAILED → INDEPENDENT [initial 6.5s -> now 2.6s (incremental -4.0s)]
[95/128] Testing dependence of lemma_flatten_01_multiset_eq_filter... emptying body... verifying... FAILED → INDEPENDENT [initial 6.5s -> now 2.3s (incremental -4.2s)]
[96/128] Testing dependence of lemma_take_one_more_intersect[int]... emptying body... verifying... FAILED → INDEPENDENT [initial 6.5s -> now 2.3s (incremental -4.2s)]
[97/128] Testing dependence of lemma_seq_map_to_set_equality... emptying body... verifying... FAILED → INDEPENDENT [initial 6.5s -> now 2.3s (incremental -4.2s)]
[98/128] Testing dependence of lemma_pow2_46_lt_u64_max... emptying body... verifying... FAILED → INDEPENDENT [initial 6.5s -> now 2.3s (incremental -4.3s)]
[99/128] Testing dependence of lemma_nat_fold_left_step[nat,int]... emptying body... verifying... FAILED → INDEPENDENT [initial 6.5s -> now 2.6s (incremental -4.0s)]
[100/128] Testing dependence of axiom_cloned_implies_eq... emptying body... verifying... FAILED → INDEPENDENT [initial 6.5s -> now 2.5s (incremental -4.0s)]
[101/128] Testing dependence of lemma_spec_filter_len_concat... emptying body... verifying... FAILED → INDEPENDENT [initial 6.5s -> now 2.6s (incremental -4.0s)]
[102/128] Testing dependence of lemma_seq_concat_to_multiset_filter... emptying body... verifying... FAILED → INDEPENDENT [initial 6.5s -> now 2.5s (incremental -4.0s)]
[103/128] Testing dependence of lemma_set_contains_insert_idempotent... emptying body... verifying... FAILED → INDEPENDENT [initial 6.5s -> now 2.4s (incremental -4.1s)]
[104/128] Testing dependence of lemma_pow2_mono[nat]... emptying body... verifying... FAILED → INDEPENDENT [initial 6.5s -> now 2.4s (incremental -4.1s)]
[105/128] Testing dependence of lemma_push_not_contains_to_set... emptying body... verifying... FAILED → INDEPENDENT [initial 6.5s -> now 2.6s (incremental -3.9s)]
[106/128] Testing dependence of lemma_flatten_uniform_len[int]... emptying body... verifying... FAILED → INDEPENDENT [initial 6.5s -> now 2.5s (incremental -4.1s)]
[107/128] Testing dependence of lemma_seq_map_cloned_view_eq... emptying body... verifying... FAILED → INDEPENDENT [initial 6.5s -> now 2.6s (incremental -4.0s)]
[108/128] Testing dependence of lemma_take_one_more_extends_the_seq_set_with_view[int]... emptying body... verifying... FAILED → INDEPENDENT [initial 6.5s -> now 2.3s (incremental -4.2s)]
[109/128] Testing dependence of is_lt_antisymmetric<u8, u16, u32, u64, u128, usize, i8, i16, i32, i64, i128, isize, String> (13 type variants)... emptying body... verifying... FAILED → INDEPENDENT [initial 6.5s -> now 2.6s (incremental -4.0s)]
[110/128] Testing dependence of accept... emptying body... verifying... FAILED → INDEPENDENT [initial 6.5s -> now 2.6s (incremental -3.9s)]
[111/128] Testing dependence of is_lt_irreflexive<u8, u16, u32, u64, u128, usize, i8, i16, i32, i64, i128, isize, String> (13 type variants)... emptying body... verifying... FAILED → INDEPENDENT [initial 6.5s -> now 2.5s (incremental -4.1s)]
[112/128] Testing dependence of lemma_cloned_view_eq... emptying body... verifying... FAILED → INDEPENDENT [initial 6.5s -> now 2.5s (incremental -4.1s)]
[113/128] Testing dependence of lemma_map_to_set_contains_index... emptying body... verifying... FAILED → INDEPENDENT [initial 6.5s -> now 2.6s (incremental -4.0s)]
[114/128] Testing dependence of is_lt_transitive<u8, u16, u32, u64, u128, usize, i8, i16, i32, i64, i128, isize, String> (13 type variants)... emptying body... verifying... FAILED → INDEPENDENT [initial 6.5s -> now 2.5s (incremental -4.0s)]
[115/128] Testing dependence of lemma_seq_index_in_map_to_set[int]... emptying body... verifying... FAILED → INDEPENDENT [initial 6.5s -> now 2.5s (incremental -4.0s)]
[116/128] Testing dependence of axiom_cloned_implies_eq_owned... emptying body... verifying... FAILED → INDEPENDENT [initial 6.5s -> now 2.5s (incremental -4.0s)]
[117/128] Testing dependence of total<u8, u16, u32, u64, u128, usize, i8, i16, i32, i64, i128, isize, String, char> (14 type variants)... emptying body... verifying... FAILED → INDEPENDENT [initial 6.5s -> now 2.4s (incremental -4.1s)]
[118/128] Testing dependence of reflexive<f64, f32> (2 type variants)... emptying body... verifying... FAILED → INDEPENDENT [initial 6.5s -> now 2.5s (incremental -4.1s)]
[119/128] Testing dependence of cmp_spec_greater_implies_le<u8, u16, u32, u64, u128, usize, i8, i16, i32, i64, i128, isize, String, char> (14 type variants)... emptying body... verifying... FAILED → INDEPENDENT [initial 6.5s -> now 2.3s (incremental -4.3s)]
[120/128] Testing dependence of cmp_spec_less_implies_le<u8, u16, u32, u64, u128, usize, i8, i16, i32, i64, i128, isize, String, char> (14 type variants)... emptying body... verifying... FAILED → INDEPENDENT [initial 6.5s -> now 2.3s (incremental -4.2s)]
[121/128] Testing dependence of transitive<f64, f32> (2 type variants)... emptying body... verifying... FAILED → INDEPENDENT [initial 6.5s -> now 2.3s (incremental -4.2s)]
[122/128] Testing dependence of antisymmetric<f64, f32> (2 type variants)... emptying body... verifying... FAILED → INDEPENDENT [initial 6.5s -> now 2.3s (incremental -4.3s)]
[123/128] Testing dependence of reflexive<u8, u16, u32, u64, u128, usize, i8, i16, i32, i64, i128, isize, f32, f64> (14 type variants)... emptying body... verifying... FAILED → INDEPENDENT [initial 6.5s -> now 2.6s (incremental -4.0s)]
[124/128] Testing dependence of reflexive<u8, u16, u32, u64, u128, usize, i8, i16, i32, i64, i128, isize, String, char> (14 type variants)... emptying body... verifying... FAILED → INDEPENDENT [initial 6.5s -> now 2.4s (incremental -4.1s)]
[125/128] Testing dependence of transitive<u8, u16, u32, u64, u128, usize, i8, i16, i32, i64, i128, isize, f32, f64> (14 type variants)... emptying body... verifying... FAILED → INDEPENDENT [initial 6.5s -> now 2.5s (incremental -4.0s)]
[126/128] Testing dependence of transitive<u8, u16, u32, u64, u128, usize, i8, i16, i32, i64, i128, isize, String, char> (14 type variants)... emptying body... verifying... FAILED → INDEPENDENT [initial 6.5s -> now 2.5s (incremental -4.1s)]
[127/128] Testing dependence of antisymmetric<u8, u16, u32, u64, u128, usize, i8, i16, i32, i64, i128, isize, f32, f64> (14 type variants)... emptying body... verifying... FAILED → INDEPENDENT [initial 6.5s -> now 2.3s (incremental -4.2s)]
[128/128] Testing dependence of antisymmetric<u8, u16, u32, u64, u128, usize, i8, i16, i32, i64, i128, isize, String, char> (14 type variants)... emptying body... verifying... FAILED → INDEPENDENT [initial 6.5s -> now 2.3s (incremental -4.3s)]

Phase 7 Summary:
  DEPENDENT (vstd can prove):   5
  INDEPENDENT (unique logic):   300

═══════════════════════════════════════════════════════════════
Phase 8: Testing lemma necessity
═══════════════════════════════════════════════════════════════

For each lemma: comment out definition + calls, verify.
If verification fails, lemma is USED. If passes, lemma is UNUSED.

[1/128] Testing necessity of lemma_pow2_lt_u32_max[nat]... commenting out (0 calls)... verifying... FAILED → USED (restored) [initial 6.5s -> now 2.3s (incremental -4.2s)]
[2/128] Testing necessity of lemma_seq_fold_left_plus_is_weighted_seq_sum_u64... commenting out (0 calls)... verifying... PASSED → UNUSED (kept commented) [initial 6.5s -> now 8.4s (incremental +1.9s)]
[3/128] Testing necessity of lemma_add_commutative_ghost... commenting out (0 calls)... verifying... FAILED → USED (restored) [initial 6.5s -> now 2.3s (incremental -4.2s)]
[4/128] Testing necessity of lemma_nat_any_order_no_overflow[nat]... commenting out (0 calls)... verifying... PASSED → UNUSED (kept commented) [initial 6.5s -> now 10.6s (incremental +4.0s)]
[5/128] Testing necessity of lemma_mul_commutative_ghost... commenting out (0 calls)... verifying... FAILED → USED (restored) [initial 6.5s -> now 2.3s (incremental -4.2s)]
[6/128] Testing necessity of lemma_fold_left_int_equals_nat_as_int_u16... commenting out (0 calls)... verifying... PASSED → UNUSED (kept commented) [initial 6.5s -> now 6.4s (incremental -0.2s)]
[7/128] Testing necessity of axiom_obeys_feq_full... commenting out (0 calls)... verifying... FAILED → USED (restored) [initial 6.5s -> now 2.5s (incremental -4.0s)]
[8/128] Testing necessity of lemma_spec_nat_seq_sum_is_nat_set_sum[nat]... commenting out (0 calls)... verifying... PASSED → UNUSED (kept commented) [initial 6.5s -> now 8.4s (incremental +1.9s)]
[9/128] Testing necessity of lemma_signed_seq_fold_left_plus_is_weighted_seq_sum... commenting out (0 calls)... verifying... PASSED → UNUSED (kept commented) [initial 6.5s -> now 8.4s (incremental +1.9s)]
[10/128] Testing necessity of axiom_CheckedU32_feq... commenting out (0 calls)... verifying... FAILED → USED (restored) [initial 6.5s -> now 2.3s (incremental -4.2s)]
[11/128] Testing necessity of axiom_strictly_cloned_implies_eq_owned... commenting out (0 calls)... verifying... FAILED → USED (restored) [initial 6.5s -> now 2.3s (incremental -4.3s)]
[12/128] Testing necessity of lemma_sum_int_unfold_take[int]... commenting out (0 calls)... verifying... FAILED → USED (restored) [initial 6.5s -> now 2.5s (incremental -4.1s)]
[13/128] Testing necessity of lemma_sum_monotonic... commenting out (0 calls)... verifying... FAILED → USED (restored) [initial 6.5s -> now 2.3s (incremental -4.2s)]
[14/128] Testing necessity of lemma_sum_u32_unfold_take[int]... commenting out (0 calls)... verifying... FAILED → USED (restored) [initial 6.5s -> now 2.3s (incremental -4.3s)]
[15/128] Testing necessity of lemma_reveal_view_injective... commenting out (0 calls)... verifying... FAILED → USED (restored) [initial 6.5s -> now 2.3s (incremental -4.2s)]
[16/128] Testing necessity of lemma_sum_checked_u32_unfold_take[int]... commenting out (0 calls)... verifying... PASSED → UNUSED (kept commented) [initial 6.5s -> now 6.4s (incremental -0.2s)]
[17/128] Testing necessity of lemma_spec_filter_len_le_len... commenting out (0 calls)... verifying... PASSED → UNUSED (kept commented) [initial 6.5s -> now 6.5s (incremental -0.0s)]
[18/128] Testing necessity of lemma_mul_distributes_over_add_ghost... commenting out (0 calls)... verifying... FAILED → USED (restored) [initial 6.5s -> now 2.5s (incremental -4.0s)]
[19/128] Testing necessity of lemma_add_normal_if_sum_fits... commenting out (0 calls)... verifying... FAILED → USED (restored) [initial 6.5s -> now 2.6s (incremental -3.9s)]
[20/128] Testing necessity of lemma_add_associative_ghost... commenting out (0 calls)... verifying... FAILED → USED (restored) [initial 6.5s -> now 2.4s (incremental -4.1s)]
[21/128] Testing necessity of lemma_mul_associative_ghost... commenting out (0 calls)... verifying... FAILED → USED (restored) [initial 6.5s -> now 2.3s (incremental -4.2s)]
[22/128] Testing necessity of lemma_fold_left_int_equals_nat_as_int... commenting out (0 calls)... verifying... PASSED → UNUSED (kept commented) [initial 6.5s -> now 8.5s (incremental +1.9s)]
[23/128] Testing necessity of lemma_push_not_contains_to_set_superset... commenting out (0 calls)... verifying... FAILED → USED (restored) [initial 6.5s -> now 2.3s (incremental -4.2s)]
[24/128] Testing necessity of lemma_signed_seq_fold_left_plus_is_weighted_seq_sum_isize... commenting out (0 calls)... verifying... PASSED → UNUSED (kept commented) [initial 6.5s -> now 8.5s (incremental +2.0s)]
[25/128] Testing necessity of lemma_signed_seq_fold_left_plus_is_weighted_seq_sum_i8... commenting out (0 calls)... verifying... PASSED → UNUSED (kept commented) [initial 6.5s -> now 8.6s (incremental +2.0s)]
[26/128] Testing necessity of lemma_take_extends_set_subset[int]... commenting out (0 calls)... verifying... FAILED → USED (restored) [initial 6.5s -> now 2.5s (incremental -4.1s)]
[27/128] Testing necessity of lemma_nat_partial_sum_monotonic[nat,int]... commenting out (0 calls)... verifying... FAILED → USED (restored) [initial 6.5s -> now 2.5s (incremental -4.0s)]
[28/128] Testing necessity of lemma_pow2_31_lt_u32_max... commenting out (0 calls)... verifying... FAILED → USED (restored) [initial 6.5s -> now 2.6s (incremental -3.9s)]
[29/128] Testing necessity of axiom_hash_set_with_view_plus_finite... commenting out (0 calls)... verifying... FAILED → USED (restored) [initial 6.5s -> now 2.5s (incremental -4.0s)]
[30/128] Testing necessity of lemma_seq_fold_left_plus_is_weighted_seq_sum_usize... commenting out (0 calls)... verifying... PASSED → UNUSED (kept commented) [initial 6.5s -> now 6.6s (incremental +0.1s)]
[31/128] Testing necessity of lemma_multiset_filter_distributes_over_add... commenting out (0 calls)... verifying... FAILED → USED (restored) [initial 6.5s -> now 2.3s (incremental -4.2s)]
[32/128] Testing necessity of lemma_spec_filter_len_nonneg... commenting out (0 calls)... verifying... PASSED → UNUSED (kept commented) [initial 6.5s -> now 6.4s (incremental -0.2s)]
[33/128] Testing necessity of lemma_signed_seq_fold_left_plus_is_weighted_seq_sum_i128... commenting out (0 calls)... verifying... PASSED → UNUSED (kept commented) [initial 6.5s -> now 8.4s (incremental +1.9s)]
[34/128] Testing necessity of lemma_no_dup_same_set_implies_same_multiset... commenting out (0 calls)... verifying... FAILED → USED (restored) [initial 6.5s -> now 2.3s (incremental -4.2s)]
[35/128] Testing necessity of lemma_weighted_seq_sum_is_set_sum... commenting out (0 calls)... verifying... PASSED → UNUSED (kept commented) [initial 6.5s -> now 8.5s (incremental +1.9s)]
[36/128] Testing necessity of lemma_seq_fold_left_plus_is_weighted_seq_sum_u16... commenting out (0 calls)... verifying... PASSED → UNUSED (kept commented) [initial 6.5s -> now 8.4s (incremental +1.9s)]
[37/128] Testing necessity of lemma_add_associative_ghost... commenting out (0 calls)... verifying... FAILED → USED (restored) [initial 6.5s -> now 2.3s (incremental -4.2s)]
[38/128] Testing necessity of lemma_weighted_fold_left_step[int]... commenting out (0 calls)... verifying... FAILED → USED (restored) [initial 6.5s -> now 2.3s (incremental -4.2s)]
[39/128] Testing necessity of lemma_sum_int_push[int]... commenting out (0 calls)... verifying... PASSED → UNUSED (kept commented) [initial 6.5s -> now 10.6s (incremental +4.1s)]
[40/128] Testing necessity of lemma_fold_left_int_equals_nat_as_int_u128... commenting out (0 calls)... verifying... PASSED → UNUSED (kept commented) [initial 6.5s -> now 6.4s (incremental -0.2s)]
[41/128] Testing necessity of lemma_sum_int_equiv[int]... commenting out (0 calls)... verifying... PASSED → UNUSED (kept commented) [initial 6.5s -> now 6.5s (incremental -0.0s)]
[42/128] Testing necessity of lemma_to_seq_no_duplicates... commenting out (0 calls)... verifying... PASSED → UNUSED (kept commented) [initial 6.5s -> now 6.6s (incremental +0.0s)]
[43/128] Testing necessity of lemma_spec_nat_seq_sum_permutation_invariant[nat]... commenting out (0 calls)... verifying... PASSED → UNUSED (kept commented) [initial 6.5s -> now 6.6s (incremental +0.0s)]
[44/128] Testing necessity of lemma_pow2_63_lt_u64_max... commenting out (0 calls)... verifying... FAILED → USED (restored) [initial 6.5s -> now 2.5s (incremental -4.0s)]
[45/128] Testing necessity of axiom_obeys_view_eq... commenting out (0 calls)... verifying... FAILED → USED (restored) [initial 6.5s -> now 2.4s (incremental -4.2s)]
[46/128] Testing necessity of lemma_push_not_contains_to_set_subset... commenting out (0 calls)... verifying... FAILED → USED (restored) [initial 6.5s -> now 2.3s (incremental -4.2s)]
[47/128] Testing necessity of totality<f64, f32> (2 type variants)... commenting out (0 calls)... verifying... FAILED → USED (restored) [initial 6.5s -> now 2.3s (incremental -4.2s)]
[48/128] Testing necessity of lemma_seq_fold_left_plus_is_weighted_seq_sum_u8... commenting out (0 calls)... verifying... PASSED → UNUSED (kept commented) [initial 6.5s -> now 8.5s (incremental +1.9s)]
[49/128] Testing necessity of lemma_int_fold_equals_nat_fold_weighted... commenting out (0 calls)... verifying... PASSED → UNUSED (kept commented) [initial 6.5s -> now 6.5s (incremental -0.0s)]
[50/128] Testing necessity of lemma_u32_view_identity... commenting out (0 calls)... verifying... FAILED → USED (restored) [initial 6.5s -> now 2.4s (incremental -4.2s)]
[51/128] Testing necessity of lemma_spec_nat_seq_sum_no_intermediate_overflow[nat]... commenting out (0 calls)... verifying... PASSED → UNUSED (kept commented) [initial 6.5s -> now 6.5s (incremental -0.0s)]
[52/128] Testing necessity of axiom_strictly_cloned_implies_eq... commenting out (0 calls)... verifying... FAILED → USED (restored) [initial 6.5s -> now 2.3s (incremental -4.2s)]
[53/128] Testing necessity of lemma_multiset_insert_filter_pos... commenting out (0 calls)... verifying... FAILED → USED (restored) [initial 6.5s -> now 2.3s (incremental -4.2s)]
[54/128] Testing necessity of lemma_fold_left_int_equals_nat_as_int_u64... commenting out (0 calls)... verifying... PASSED → UNUSED (kept commented) [initial 6.5s -> now 6.4s (incremental -0.1s)]
[55/128] Testing necessity of lemma_signed_seq_fold_left_plus_is_weighted_seq_sum_i64... commenting out (0 calls)... verifying... PASSED → UNUSED (kept commented) [initial 6.5s -> now 6.7s (incremental +0.1s)]
[56/128] Testing necessity of lemma_seq_fold_left_plus_is_weighted_seq_sum... commenting out (0 calls)... verifying... PASSED → UNUSED (kept commented) [initial 6.5s -> now 6.5s (incremental +0.0s)]
[57/128] Testing necessity of lemma_flatten_contains[int]... commenting out (0 calls)... verifying... PASSED → UNUSED (kept commented) [initial 6.5s -> now 6.4s (incremental -0.1s)]
[58/128] Testing necessity of lemma_mul_distributes_over_sub_ghost... commenting out (0 calls)... verifying... FAILED → USED (restored) [initial 6.5s -> now 2.4s (incremental -4.2s)]
[59/128] Testing necessity of lemma_add_commutative_ghost... commenting out (0 calls)... verifying... FAILED → USED (restored) [initial 6.5s -> now 2.3s (incremental -4.2s)]
[60/128] Testing necessity of lemma_pow2_lt_u64_max[nat]... commenting out (0 calls)... verifying... PASSED → UNUSED (kept commented) [initial 6.5s -> now 6.5s (incremental -0.0s)]
[61/128] Testing necessity of lemma_multiset_insert_filter_neg... commenting out (0 calls)... verifying... FAILED → USED (restored) [initial 6.5s -> now 2.3s (incremental -4.2s)]
[62/128] Testing necessity of lemma_fold_left_int_equals_nat_as_int_u8... commenting out (0 calls)... verifying... PASSED → UNUSED (kept commented) [initial 6.5s -> now 8.6s (incremental +2.1s)]
[63/128] Testing necessity of lemma_signed_seq_fold_left_plus_is_weighted_seq_sum_i16... commenting out (0 calls)... verifying... 