| #   | Date       | First    | Last     | Duration | Commits |
|-----|------------|----------|----------|----------|---------|
| 1   | 2025-11-11 | 16:38:13 | 17:04:36 | 00:26:23 |       2 |
| 2   | 2025-12-05 | 15:57:33 | 22:25:32 | 06:27:59 |      40 |
| 3   | 2025-12-06 | 07:46:00 | 19:34:32 | 11:48:32 |       7 |
| 4   | 2025-12-07 | 06:18:01 | 17:58:52 | 11:40:51 |      12 |
| 5   | 2025-12-09 | 05:22:33 | 08:41:42 | 03:19:09 |       3 |
| 6   | 2025-12-10 | 06:54:46 | 16:12:10 | 09:17:24 |       3 |
| 7   | 2025-12-11 | 03:25:38 | 12:39:26 | 09:13:48 |       6 |
| 8   | 2025-12-12 | 07:07:14 | 17:28:36 | 10:21:22 |       8 |
| 9   | 2025-12-16 | 07:44:37 | 16:46:49 | 09:02:12 |      23 |
| 10  | 2025-12-17 | 14:39:04 | 15:20:35 | 00:41:31 |       2 |
| 11  | 2026-01-15 | 13:12:11 | 13:19:19 | 00:07:08 |       2 |
| 12  | 2026-01-28 | 14:48:37 | 14:52:45 | 00:04:08 |       2 |
| 13  | 2026-02-02 | 10:06:45 | 10:06:45 | 00:00:00 |       1 |
| 14  | 2026-02-05 | 08:50:56 | 10:04:16 | 01:13:20 |       4 |
| 15  | 2026-02-07 | 14:07:09 | 19:32:40 | 05:25:31 |       3 |
| 16  | 2026-02-12 | 11:02:01 | 11:42:45 | 00:40:44 |       2 |
| 17  | 2026-02-16 | 09:53:21 | 10:27:57 | 00:34:36 |       2 |
| 18  | 2026-02-20 | 05:06:09 | 18:11:27 | 13:05:18 |       5 |
| 19  | 2026-02-21 | 04:33:53 | 08:16:51 | 03:42:58 |       3 |
| 20  | 2026-02-22 | 20:14:44 | 20:24:56 | 00:10:12 |       2 |
| 21  | 2026-02-24 | 19:22:30 | 19:22:30 | 00:00:00 |       1 |
| 22  | 2026-02-26 | 11:55:17 | 14:12:54 | 02:17:37 |       2 |
| 23  | 2026-03-01 | 18:19:11 | 20:49:03 | 02:29:52 |       2 |
| 24  | 2026-03-02 | 04:41:59 | 04:41:59 | 00:00:00 |       1 |
| 25  | 2026-03-03 | 10:49:54 | 18:52:46 | 08:02:52 |       5 |
| 26  | 2026-03-11 | 10:40:18 | 17:03:55 | 06:23:37 |       4 |
| 27  | 2026-03-12 | 10:31:04 | 10:31:04 | 00:00:00 |       1 |
| 28  | 2026-03-13 | 08:50:38 | 08:50:38 | 00:00:00 |       1 |
| 29  | 2026-03-17 | 09:58:04 | 13:55:33 | 03:57:29 |       7 |
| 30  | 2026-03-18 | 08:57:17 | 08:57:17 | 00:00:00 |       1 |
| 31  | 2026-03-19 | 10:05:12 | 20:49:21 | 10:44:09 |       3 |
| 32  | 2026-03-23 | 19:04:40 | 19:04:40 | 00:00:00 |       1 |
| 33  | 2026-03-24 | 14:59:54 | 14:59:54 | 00:00:00 |       1 |
| 34  | 2026-03-28 | 12:34:09 | 17:48:20 | 05:14:11 |       9 |
| 35  | 2026-03-29 | 17:30:59 | 21:20:36 | 03:49:37 |       4 |
| 36  | 2026-03-30 | 06:18:08 | 19:13:30 | 12:55:22 |       5 |
| 37  | 2026-04-06 | 14:33:15 | 15:24:26 | 00:51:11 |       5 |
| 38  | 2026-04-07 | 12:45:31 | 22:01:23 | 09:15:52 |       5 |
| 39  | 2026-04-08 | 11:14:48 | 11:14:48 | 00:00:00 |       1 |
| 40  | 2026-04-09 | 16:36:14 | 19:57:39 | 03:21:25 |       3 |
| 41  | 2026-04-10 | 12:24:52 | 16:27:37 | 04:02:45 |       4 |
| 42  | 2026-04-11 | 10:01:55 | 10:34:21 | 00:32:26 |       2 |
| 43  | 2026-04-12 | 07:28:01 | 07:28:01 | 00:00:00 |       1 |

Start date:         2025-11-11
End date:           2026-04-12
Calendar span:      152 days
Days with commits:  43
Total commits:      201
Sum of durations:   171:21:31  (616891 seconds)
Average per day:    03:59:06  (over 43 committed days)
