Verus Library Minimizer
=======================
This minimizer is only possible due to the phenomenal speed of verification
in Verus. Thanks Verus team!

Logging to: tests/fixtures/APAS-VERUS/analyses/veracity-minimize-lib.20260407-171007.log

Arguments:
  -c, --codebase:     tests/fixtures/APAS-VERUS
  -l, --library:      tests/fixtures/APAS-VERUS/src/vstdplus
  -F, --file:         (all files)
  -n, --dry-run:      false
  -b, --broadcasts:   false
  -L, --lib-broadcasts: false
  -N, --max-lemmas:   all
  -a, --asserts:      true
  -A, --max-asserts:  all
  -p, --proof-blocks: true
  -P, --max-proof-blocks: all
  -e, --exclude:      (none)
  -f, --fail-fast:    false
  --danger:           false
  --no-lib-min:       true
  --chapter:          Chap41
  --fn:               union_with

Mode: APAS isolate Chap41 (estimated 10-30s per iteration)

═══════════════════════════════════════════════════════════════════════════════
IMPORTANT: No code will be harmed in the improving of your codebase!
═══════════════════════════════════════════════════════════════════════════════

✓ Codebase is in git and committed. Proceeding safely.

Veracity will repeatedly comment things in and out using // Veracity: lines
to test and improve your use of vstd. All changes are reversible comments.
You will need to review each // Veracity: line and decide what to keep.

Phases:
  Phase 0:  Strip existing Veracity markers (if any)
  Phase 1:  Analyze and verify codebase
  Phase 2:  Analyze library structure (lemmas, modules, call sites, spec fns)
  Phase 3:  Discover vstd broadcast groups from verus installation
  Phase 4:  Estimate time for testing
  Phase 5:  Apply broadcast groups to library (-L flag)
  Phase 6:  Apply broadcast groups to codebase (-b flag)
  Phase 7:  Test lemma dependence on vstd (can vstd prove it alone?)
  Phase 8:  Test lemma necessity (can codebase verify without it?)
  Phase 9:  Test library asserts (can we remove any?)
  Phase 10: Test codebase asserts (can we remove any?)
  Phase 11: Test admits (can we remove any? -m flag)
  Phase 12: Test proof {} blocks (-p flag)
  Phase 13: Test types (are they used? -t flag)
  Phase 14: Analyze and verify final codebase

Comment markers inserted:
  // Veracity: added broadcast group  - Phase 5/6: Inserted broadcast use block
  // Veracity: DEPENDENT              - Phase 7: Lemma proven by vstd broadcast groups
  // Veracity: INDEPENDENT            - Phase 7: Lemma provides unique proof logic
  // Veracity: USED                   - Phase 8: Lemma required, restored after test
  // Veracity: UNUSED                 - Phase 8: Lemma not needed, left commented out
  // Veracity: UNNEEDED assert        - Phase 9/10: Assert not needed, left commented
  // Veracity: UNNEEDED admit         - Phase 11: Admit not needed, left commented
  // Veracity: UNNEEDED proof block   - Phase 12: Proof block not needed, left commented
  // Veracity: TYPE USED              - Phase 13: Type is used (verified by removal test)
  // Veracity: TYPE UNUSED            - Phase 13: Type not used, left commented out
  // Veracity: UNNEEDED               - Phase 8: Call site not needed, left commented

═══════════════════════════════════════════════════════════════════════════════

═══════════════════════════════════════════════════════════════
Phase 0: Stripping existing Veracity markers
═══════════════════════════════════════════════════════════════

  Found 1 existing Veracity markers
  Cleaning up for fresh analysis...
  ✓ Removed 0 markers

═══════════════════════════════════════════════════════════════
Phase 1: Analyzing and verifying codebase
═══════════════════════════════════════════════════════════════

  Initial LOC (comments not counted):
    Spec:       0
    Proof:      0
    Exec:       0
    Total:      0

  Verifying...
