Verus Library Minimizer
=======================
This minimizer is only possible due to the phenomenal speed of verification
in Verus. Thanks Verus team!

Logging to: tests/fixtures/APAS-VERUS/analyses/veracity-minimize-lib.20260407-171505.log

Arguments:
  -c, --codebase:     tests/fixtures/APAS-VERUS
  -l, --library:      tests/fixtures/APAS-VERUS/src/vstdplus
  -F, --file:         (all files)
  -n, --dry-run:      false
  -b, --broadcasts:   false
  -L, --lib-broadcasts: false
  -N, --max-lemmas:   all
  -a, --asserts:      true
  -A, --max-asserts:  all
  -p, --proof-blocks: true
  -P, --max-proof-blocks: all
  -e, --exclude:      (none)
  -f, --fail-fast:    false
  --danger:           false
  --no-lib-min:       true
  --chapter:          Chap41
  --fn:               union_with

Mode: APAS isolate Chap41 (estimated 10-30s per iteration)

═══════════════════════════════════════════════════════════════════════════════
IMPORTANT: No code will be harmed in the improving of your codebase!
═══════════════════════════════════════════════════════════════════════════════

✓ Codebase is in git and committed. Proceeding safely.

Veracity will repeatedly comment things in and out using // Veracity: lines
to test and improve your use of vstd. All changes are reversible comments.
You will need to review each // Veracity: line and decide what to keep.

Phases:
  Phase 0:  Strip existing Veracity markers (if any)
  Phase 1:  Analyze and verify codebase
  Phase 2:  Analyze library structure (lemmas, modules, call sites, spec fns)
  Phase 3:  Discover vstd broadcast groups from verus installation
  Phase 4:  Estimate time for testing
  Phase 5:  Apply broadcast groups to library (-L flag)
  Phase 6:  Apply broadcast groups to codebase (-b flag)
  Phase 7:  Test lemma dependence on vstd (can vstd prove it alone?)
  Phase 8:  Test lemma necessity (can codebase verify without it?)
  Phase 9:  Test library asserts (can we remove any?)
  Phase 10: Test codebase asserts (can we remove any?)
  Phase 11: Test admits (can we remove any? -m flag)
  Phase 12: Test proof {} blocks (-p flag)
  Phase 13: Test types (are they used? -t flag)
  Phase 14: Analyze and verify final codebase

Comment markers inserted:
  // Veracity: added broadcast group  - Phase 5/6: Inserted broadcast use block
  // Veracity: DEPENDENT              - Phase 7: Lemma proven by vstd broadcast groups
  // Veracity: INDEPENDENT            - Phase 7: Lemma provides unique proof logic
  // Veracity: USED                   - Phase 8: Lemma required, restored after test
  // Veracity: UNUSED                 - Phase 8: Lemma not needed, left commented out
  // Veracity: UNNEEDED assert        - Phase 9/10: Assert not needed, left commented
  // Veracity: UNNEEDED admit         - Phase 11: Admit not needed, left commented
  // Veracity: UNNEEDED proof block   - Phase 12: Proof block not needed, left commented
  // Veracity: TYPE USED              - Phase 13: Type is used (verified by removal test)
  // Veracity: TYPE UNUSED            - Phase 13: Type not used, left commented out
  // Veracity: UNNEEDED               - Phase 8: Call site not needed, left commented

═══════════════════════════════════════════════════════════════════════════════

═══════════════════════════════════════════════════════════════
Phase 0: Stripping existing Veracity markers
═══════════════════════════════════════════════════════════════

  Found 1 existing Veracity markers
  Cleaning up for fresh analysis...
  ✓ Removed 0 markers

═══════════════════════════════════════════════════════════════
Phase 1: Analyzing and verifying codebase
═══════════════════════════════════════════════════════════════

  Initial LOC (comments not counted):
    Spec:       0
    Proof:      0
    Exec:       0
    Total:      0

  Verifying...
  ✓ Verification passed in 1m 52s. Continuing.

Target function: union_with
Scanning 8 file(s)...

Found 67 assert(s) in fn union_with
Found 13 proof {} block(s) in fn union_with

Estimated time: 2h 29m 56s (80 × 1m 52s)

═══════════════════════════════════════════════════════════════
Testing asserts in fn union_with
═══════════════════════════════════════════════════════════════

  [1/67] assert L3537 (src/Chap41/OrdKeyMap.rs)... UNNEEDED [1m 54s]
  [2/67] assert L3538 (src/Chap41/OrdKeyMap.rs)... UNNEEDED [2m 11s]
  [3/67] assert L3539 (src/Chap41/OrdKeyMap.rs)... UNNEEDED [1m 57s]
  [4/67] assert L3551 (src/Chap41/OrdKeyMap.rs)... UNNEEDED [1m 54s]
  [5/67] assert L3552 (src/Chap41/OrdKeyMap.rs)... UNNEEDED [1m 57s]
  [6/67] assert L3554 (src/Chap41/OrdKeyMap.rs)... UNNEEDED [1m 55s]
  [7/67] assert L3557 (src/Chap41/OrdKeyMap.rs)... NEEDED [1m 43s]
  [8/67] assert L3606 (src/Chap41/OrdKeyMap.rs)... UNNEEDED [1m 49s]
  [9/67] assert L3611 (src/Chap41/OrdKeyMap.rs)... UNNEEDED [1m 50s]
  [10/67] assert L3615 (src/Chap41/OrdKeyMap.rs)... NEEDED [1m 41s]
  [11/67] assert L3616 (src/Chap41/OrdKeyMap.rs)... UNNEEDED [2m 7s]
  [12/67] assert L3628 (src/Chap41/OrdKeyMap.rs)... UNNEEDED [2m 45s]
  [13/67] assert L3629 (src/Chap41/OrdKeyMap.rs)... UNNEEDED [2m 33s]
  [14/67] assert L3633 (src/Chap41/OrdKeyMap.rs)... NEEDED [1m 54s]
  [15/67] assert L3638 (src/Chap41/OrdKeyMap.rs)... UNNEEDED [2m 3s]
  [16/67] assert L3642 (src/Chap41/OrdKeyMap.rs)... UNNEEDED [1m 58s]
  [17/67] assert L3645 (src/Chap41/OrdKeyMap.rs)... NEEDED [14.8s]
  [18/67] assert L3654 (src/Chap41/OrdKeyMap.rs)... UNNEEDED [2m 3s]
  [19/67] assert L3655 (src/Chap41/OrdKeyMap.rs)... UNNEEDED [2m 15s]
  [20/67] assert L3656 (src/Chap41/OrdKeyMap.rs)... UNNEEDED [2m 14s]
  [21/67] assert L3668 (src/Chap41/OrdKeyMap.rs)... UNNEEDED [2m 6s]
  [22/67] assert L3669 (src/Chap41/OrdKeyMap.rs)... UNNEEDED [2m 15s]
  [23/67] assert L3673 (src/Chap41/OrdKeyMap.rs)... NEEDED [2m 4s]
  [24/67] assert L3678 (src/Chap41/OrdKeyMap.rs)... UNNEEDED [2m 19s]
  [25/67] assert L3682 (src/Chap41/OrdKeyMap.rs)... UNNEEDED [2m 21s]
  [26/67] assert L3685 (src/Chap41/OrdKeyMap.rs)... NEEDED [16.3s]
  [27/67] assert L3694 (src/Chap41/OrdKeyMap.rs)... UNNEEDED [2m 21s]
  [28/67] assert L3695 (src/Chap41/OrdKeyMap.rs)... UNNEEDED [2m 15s]
  [29/67] assert L3696 (src/Chap41/OrdKeyMap.rs)... UNNEEDED [5m 45s]
  [30/67] assert L3697 (src/Chap41/OrdKeyMap.rs)... UNNEEDED [3m 10s]
  [31/67] assert L3712 (src/Chap41/OrdKeyMap.rs)... NEEDED [29.7s]
  [32/67] assert L3717 (src/Chap41/OrdKeyMap.rs)... UNNEEDED [1m 51s]
  [33/67] assert L3719 (src/Chap41/OrdKeyMap.rs)... NEEDED [1m 30s]
  [34/67] assert L3723 (src/Chap41/OrdKeyMap.rs)... UNNEEDED [1m 39s]
  [35/67] assert L3782 (src/Chap41/OrdKeyMap.rs)... UNNEEDED [1m 35s]
  [36/67] assert L3787 (src/Chap41/OrdKeyMap.rs)... UNNEEDED [1m 33s]
  [37/67] assert L3790 (src/Chap41/OrdKeyMap.rs)... UNNEEDED [1m 44s]
  [38/67] assert L3795 (src/Chap41/OrdKeyMap.rs)... NEEDED [1m 30s]
  [39/67] assert L3796 (src/Chap41/OrdKeyMap.rs)... UNNEEDED [1m 39s]
  [40/67] assert L3798 (src/Chap41/OrdKeyMap.rs)... UNNEEDED [1m 43s]
  [41/67] assert L3804 (src/Chap41/OrdKeyMap.rs)... UNNEEDED [2m 22s]
  [42/67] assert L3807 (src/Chap41/OrdKeyMap.rs)... NEEDED [15.1s]
  [43/67] assert L3812 (src/Chap41/OrdKeyMap.rs)... UNNEEDED [1m 40s]
  [44/67] assert L3816 (src/Chap41/OrdKeyMap.rs)... 