Verus Library Minimizer
=======================
This minimizer is only possible due to the phenomenal speed of verification
in Verus. Thanks Verus team!

Logging to: tests/fixtures/APAS-VERUS/analyses/veracity-minimize-lib.20260407-171002.log

Arguments:
  -c, --codebase:     tests/fixtures/APAS-VERUS
  -l, --library:      tests/fixtures/APAS-VERUS/src/vstdplus
  -F, --file:         (all files)
  -n, --dry-run:      false
  -b, --broadcasts:   false
  -L, --lib-broadcasts: false
  -N, --max-lemmas:   all
  -a, --asserts:      true
  -A, --max-asserts:  all
  -p, --proof-blocks: true
  -P, --max-proof-blocks: all
  -e, --exclude:      (none)
  -f, --fail-fast:    false
  --danger:           false
  --no-lib-min:       true
  --chapter:          Chap41
  --fn:               union_with

Mode: APAS isolate Chap41 (estimated 10-30s per iteration)

═══════════════════════════════════════════════════════════════════════════════
IMPORTANT: No code will be harmed in the improving of your codebase!
═══════════════════════════════════════════════════════════════════════════════

✓ Codebase is in git and committed. Proceeding safely.

Veracity will repeatedly comment things in and out using // Veracity: lines
to test and improve your use of vstd. All changes are reversible comments.
You will need to review each // Veracity: line and decide what to keep.

Phases:
