Verus Library Minimizer
=======================
This minimizer is only possible due to the phenomenal speed of verification
in Verus. Thanks Verus team!

Logging to: tests/fixtures/APAS-VERUS/analyses/veracity-minimize-lib.20260407-202751.log

Arguments:
  -c, --codebase:     tests/fixtures/APAS-VERUS
  -l, --library:      tests/fixtures/APAS-VERUS/src/vstdplus
  -F, --file:         (all files)
  -n, --dry-run:      false
  -b, --broadcasts:   false
  -L, --lib-broadcasts: false
  -N, --max-lemmas:   all
  -a, --asserts:      false
  -A, --max-asserts:  all
  -p, --proof-blocks: false
  -P, --max-proof-blocks: all
  -e, --exclude:      (none)
  -f, --fail-fast:    false
  --danger:           false
  --no-lib-min:       true
  --project:          APAS
  --chapter:          Chap36

Mode: APAS isolate Chap36 (estimated 10-30s per iteration)

═══════════════════════════════════════════════════════════════════════════════
IMPORTANT: No code will be harmed in the improving of your codebase!
═══════════════════════════════════════════════════════════════════════════════

✓ Codebase is in git and committed. Proceeding safely.

Veracity will repeatedly comment things in and out using // Veracity: lines
to test and improve your use of vstd. All changes are reversible comments.
You will need to review each // Veracity: line and decide what to keep.

Phases:
  Phase 0:  Strip existing Veracity markers (if any)
  Phase 1:  Analyze and verify codebase
  Phase 2:  Analyze library structure (lemmas, modules, call sites, spec fns)
  Phase 3:  Discover vstd broadcast groups from verus installation
  Phase 4:  Estimate time for testing
  Phase 5:  Apply broadcast groups to library (-L flag)
  Phase 6:  Apply broadcast groups to codebase (-b flag)
  Phase 7:  Test lemma dependence on vstd (can vstd prove it alone?)
  Phase 8:  Test lemma necessity (can codebase verify without it?)
  Phase 9:  Test library asserts (can we remove any?)
  Phase 10: Test codebase asserts (can we remove any?)
  Phase 11: Test admits (can we remove any? -m flag)
  Phase 12: Test proof {} blocks (-p flag)
  Phase 13: Test types (are they used? -t flag)
  Phase 14: Analyze and verify final codebase

Comment markers inserted:
  // Veracity: added broadcast group  - Phase 5/6: Inserted broadcast use block
  // Veracity: DEPENDENT              - Phase 7: Lemma proven by vstd broadcast groups
  // Veracity: INDEPENDENT            - Phase 7: Lemma provides unique proof logic
  // Veracity: USED                   - Phase 8: Lemma required, restored after test
  // Veracity: UNUSED                 - Phase 8: Lemma not needed, left commented out
  // Veracity: UNNEEDED assert        - Phase 9/10: Assert not needed, left commented
  // Veracity: UNNEEDED admit         - Phase 11: Admit not needed, left commented
  // Veracity: UNNEEDED proof block   - Phase 12: Proof block not needed, left commented
  // Veracity: TYPE USED              - Phase 13: Type is used (verified by removal test)
  // Veracity: TYPE UNUSED            - Phase 13: Type not used, left commented out
  // Veracity: UNNEEDED               - Phase 8: Call site not needed, left commented

═══════════════════════════════════════════════════════════════════════════════

═══════════════════════════════════════════════════════════════
Phase 0: Stripping existing Veracity markers
═══════════════════════════════════════════════════════════════

  Found 1 existing Veracity markers
  Cleaning up for fresh analysis...
  ✓ Removed 0 markers

═══════════════════════════════════════════════════════════════
Phase 1: Analyzing and verifying codebase
═══════════════════════════════════════════════════════════════

  Initial LOC (comments not counted):
    Spec:       0
    Proof:      0
    Exec:       0
    Total:      0

  Verifying...
  ✓ Verification passed in 8.5s. Continuing.

Phase 2: Analyzing library structure...
  Scanning library for proof functions (lemmas)...
  Found 305 proof functions
  In 13 modules
  Checking which library modules are used in codebase...
  13 modules used in codebase
  0 modules NOT used in codebase
  Scanning for lemma call sites...
  703 call sites in library
  15065 call sites in codebase (outside library)
  Scanning library for spec functions...
  Found 160 spec functions
  44 spec functions without explicit calls (excluding type variants where any is used)

Phase 3: Discovering vstd broadcast groups...
  vstd source: /home/milnes/projects/verus/source/vstd
  Found 49 broadcast groups

Phase 4: Estimating time...
  Time per verification:           8.5s
  Lemmas to test:                  305

  Estimation formula:
    Phase 5/6: verification_time × num_files
    Phase 7:   verification_time × num_lemmas (empty body test)
    Phase 8:   verification_time × num_lemmas (comment out test)
    Phase 9/10: verification_time × num_asserts (comment out test)

  Phase 1 (verify codebase):       8.5s (done)
  Phase 2 (analyze library):       ~0s (no verification)
  Phase 3 (discover broadcasts):   ~0s (no verification)
  Phase 4 (estimate time):         ~0s (no verification)
  Phase 5 (library broadcasts):    skipped (no -L flag)
  Phase 6 (codebase broadcasts):   skipped (no -b flag)
  Phase 7 (dependence test):       ~43m 24s (8.5s × 305 lemmas)
  Phase 8 (necessity test):        ~43m 24s (8.5s × 305 lemmas)
  Phase 9 (library asserts):       skipped (no -a flag)
  Phase 10 (codebase asserts):     skipped (no -a flag)
  ─────────────────────────────────────────
  TOTAL ESTIMATED TIME:            ~1h 26m 57s

Phase 5: Library broadcast groups...
  Analyzing library for broadcast group recommendations...

  VecQueue.rs:
    In use:
      ✓ vstd::seq::group_seq_axioms
      ✓ vstd::seq_lib::group_seq_properties
      ✓ vstd::seq_lib::group_to_multiset_ensures

  feq.rs:
    In use:
      ✓ vstd::seq::group_seq_axioms
      ✓ vstd::seq_lib::group_seq_properties
      ✓ vstd::seq_lib::group_to_multiset_ensures

  float.rs:
    In use:
      ✓ vstd::seq::group_seq_axioms
      ✓ vstd::seq_lib::group_seq_properties
      ✓ vstd::seq_lib::group_to_multiset_ensures

  hash_map_with_view_plus.rs:
    In use:
      ✓ vstd::map::group_map_axioms

  hash_set_with_view_plus.rs:
    In use:
      ✓ vstd::set::group_set_axioms
      ✓ vstd::set_lib::group_set_lib_default

  multiset.rs:
    In use:
      ✓ vstd::multiset::group_multiset_axioms
      ✓ vstd::seq_lib::group_to_multiset_ensures
      ✓ vstd::seq::group_seq_axioms
      ✓ vstd::seq_lib::group_seq_properties

  seq.rs:
    In use:
      ✓ vstd::seq::group_seq_axioms
      ✓ vstd::seq_lib::group_seq_properties
      ✓ vstd::seq_lib::group_to_multiset_ensures

  seq_set.rs:
    In use:
      ✓ vstd::seq_lib::group_seq_properties
      ✓ vstd::set::group_set_axioms
      ✓ vstd::seq::group_seq_axioms
      ✓ vstd::seq_lib::group_to_multiset_ensures
      ✓ vstd::set_lib::group_set_lib_default

  No new broadcast groups recommended for library.
  Skipped (use -L flag to add broadcast groups)

Phase 6: Codebase broadcast groups...
  Analyzing broadcast groups per file...

  src/Chap03/InsertionSortStEph.rs:
    In use:
      ✓ vstd::seq_lib::group_to_multiset_ensures
      ✓ vstd::seq::group_seq_axioms
      ✓ vstd::seq_lib::group_seq_properties

  src/Chap05/KleeneStPer.rs:
    In use:
      ✓ vstd::set::group_set_axioms
      ✓ vstd::seq::group_seq_axioms
      ✓ vstd::seq_lib::group_seq_properties
      ✓ vstd::seq_lib::group_to_multiset_ensures
      ✓ vstd::set_lib::group_set_lib_default

  src/Chap05/MappingStEph.rs:
    In use:
      ✓ vstd::set::group_set_axioms
      ✓ vstd::set_lib::group_set_lib_default
      ✓ vstd::set_lib::group_set_properties
      ✓ vstd::seq::group_seq_axioms
      ✓ vstd::seq_lib::group_seq_lib_default
      ✓ vstd::seq_lib::group_seq_properties
      ✓ vstd::laws_eq::group_laws_eq
      ✓ vstd::laws_cmp::group_laws_cmp
      ✓ vstd::map::group_map_axioms
      ✓ vstd::seq_lib::group_to_multiset_ensures

  src/Chap05/RelationStEph.rs:
    In use:
      ✓ vstd::set::group_set_axioms
      ✓ vstd::set_lib::group_set_lib_default
      ✓ vstd::set_lib::group_set_properties
      ✓ vstd::seq::group_seq_axioms
      ✓ vstd::seq_lib::group_seq_lib_default
      ✓ vstd::seq_lib::group_seq_properties
      ✓ vstd::laws_eq::group_laws_eq
      ✓ vstd::laws_cmp::group_laws_cmp
      ✓ vstd::seq_lib::group_to_multiset_ensures

  src/Chap05/SetMtEph.rs:
    In use:
      ✓ vstd::set::group_set_axioms
      ✓ vstd::set_lib::group_set_lib_default
      ✓ vstd::set_lib::group_set_properties
      ✓ vstd::seq::group_seq_axioms
      ✓ vstd::seq_lib::group_seq_lib_default
      ✓ vstd::seq_lib::group_seq_properties
      ✓ vstd::laws_eq::group_laws_eq
      ✓ vstd::laws_cmp::group_laws_cmp
      ✓ vstd::seq_lib::group_to_multiset_ensures

  src/Chap05/SetStEph.rs:
    In use:
      ✓ vstd::set::group_set_axioms
      ✓ vstd::set_lib::group_set_lib_default
      ✓ vstd::set_lib::group_set_properties
      ✓ vstd::seq::group_seq_axioms
      ✓ vstd::seq_lib::group_seq_lib_default
      ✓ vstd::seq_lib::group_seq_properties
      ✓ vstd::laws_eq::group_laws_eq
      ✓ vstd::laws_cmp::group_laws_cmp
      ✓ vstd::seq_lib::group_to_multiset_ensures

  src/Chap06/DirGraphMtEph.rs:
    In use:
      ✓ vstd::set::group_set_axioms
      ✓ vstd::set_lib::group_set_lib_default

  src/Chap06/DirGraphStEph.rs:
    In use:
      ✓ vstd::std_specs::hash::group_hash_axioms
      ✓ vstd::set_lib::group_set_lib_default
      ✓ vstd::set::group_set_axioms

  src/Chap06/LabDirGraphMtEph.rs:
    In use:
      ✓ vstd::set::group_set_axioms
      ✓ vstd::set_lib::group_set_lib_default

  src/Chap06/LabDirGraphStEph.rs:
    In use:
      ✓ vstd::std_specs::hash::group_hash_axioms
      ✓ vstd::set_lib::group_set_lib_default
      ✓ vstd::set::group_set_axioms

  src/Chap06/LabUnDirGraphMtEph.rs:
    In use:
      ✓ vstd::set::group_set_axioms
      ✓ vstd::set_lib::group_set_lib_default

  src/Chap06/LabUnDirGraphStEph.rs:
    In use:
      ✓ vstd::std_specs::hash::group_hash_axioms
      ✓ vstd::set_lib::group_set_lib_default
      ✓ vstd::set::group_set_axioms

  src/Chap06/UnDirGraphMtEph.rs:
    In use:
      ✓ vstd::set::group_set_axioms
      ✓ vstd::set_lib::group_set_lib_default

  src/Chap06/UnDirGraphStEph.rs:
    In use:
      ✓ vstd::std_specs::hash::group_hash_axioms
      ✓ vstd::set_lib::group_set_lib_default
      ✓ vstd::set::group_set_axioms

  src/Chap06/WeightedDirGraphStEphF64.rs:
    In use:
      ✓ vstd::std_specs::hash::group_hash_axioms
      ✓ vstd::set_lib::group_set_lib_default
      ✓ vstd::set::group_set_axioms
      ✓ vstd::seq_lib::group_seq_properties

  src/Chap06/WeightedDirGraphStEphI128.rs:
    In use:
      ✓ vstd::std_specs::hash::group_hash_axioms
      ✓ vstd::set_lib::group_set_lib_default
      ✓ vstd::set::group_set_axioms
      ✓ vstd::seq_lib::group_seq_properties

  src/Chap06/WeightedDirGraphStEphI16.rs:
    In use:
      ✓ vstd::std_specs::hash::group_hash_axioms
      ✓ vstd::set_lib::group_set_lib_default
      ✓ vstd::set::group_set_axioms
      ✓ vstd::seq_lib::group_seq_properties

  src/Chap06/WeightedDirGraphStEphI32.rs:
    In use:
      ✓ vstd::std_specs::hash::group_hash_axioms
      ✓ vstd::set_lib::group_set_lib_default
      ✓ vstd::set::group_set_axioms
      ✓ vstd::seq_lib::group_seq_properties

  src/Chap06/WeightedDirGraphStEphI64.rs:
    In use:
      ✓ vstd::std_specs::hash::group_hash_axioms
      ✓ vstd::set_lib::group_set_lib_default
      ✓ vstd::set::group_set_axioms
      ✓ vstd::seq_lib::group_seq_properties

  src/Chap06/WeightedDirGraphStEphI8.rs:
    In use:
      ✓ vstd::std_specs::hash::group_hash_axioms
      ✓ vstd::set_lib::group_set_lib_default
      ✓ vstd::set::group_set_axioms
      ✓ vstd::seq_lib::group_seq_properties

  src/Chap06/WeightedDirGraphStEphIsize.rs:
    In use:
      ✓ vstd::std_specs::hash::group_hash_axioms
      ✓ vstd::set_lib::group_set_lib_default
      ✓ vstd::set::group_set_axioms
      ✓ vstd::seq_lib::group_seq_properties

  src/Chap06/WeightedDirGraphStEphU128.rs:
    In use:
      ✓ vstd::std_specs::hash::group_hash_axioms
      ✓ vstd::set_lib::group_set_lib_default
      ✓ vstd::set::group_set_axioms
      ✓ vstd::seq_lib::group_seq_properties

  src/Chap06/WeightedDirGraphStEphU16.rs:
    In use:
      ✓ vstd::std_specs::hash::group_hash_axioms
      ✓ vstd::set_lib::group_set_lib_default
      ✓ vstd::set::group_set_axioms
      ✓ vstd::seq_lib::group_seq_properties

  src/Chap06/WeightedDirGraphStEphU32.rs:
    In use:
      ✓ vstd::std_specs::hash::group_hash_axioms
      ✓ vstd::set_lib::group_set_lib_default
      ✓ vstd::set::group_set_axioms
      ✓ vstd::seq_lib::group_seq_properties

  src/Chap06/WeightedDirGraphStEphU64.rs:
    In use:
      ✓ vstd::std_specs::hash::group_hash_axioms
      ✓ vstd::set_lib::group_set_lib_default
      ✓ vstd::set::group_set_axioms
      ✓ vstd::seq_lib::group_seq_properties

  src/Chap06/WeightedDirGraphStEphU8.rs:
    In use:
      ✓ vstd::std_specs::hash::group_hash_axioms
      ✓ vstd::set_lib::group_set_lib_default
      ✓ vstd::set::group_set_axioms
      ✓ vstd::seq_lib::group_seq_properties

  src/Chap06/WeightedDirGraphStEphUsize.rs:
    In use:
      ✓ vstd::std_specs::hash::group_hash_axioms
      ✓ vstd::set_lib::group_set_lib_default
      ✓ vstd::set::group_set_axioms
      ✓ vstd::seq_lib::group_seq_properties

  src/Chap17/MathSeq.rs:
    In use:
      ✓ vstd::std_specs::vec::group_vec_axioms
      ✓ vstd::set::group_set_axioms
      ✓ vstd::set_lib::group_set_lib_default
      ✓ vstd::set_lib::group_set_properties
      ✓ vstd::seq::group_seq_axioms
      ✓ vstd::seq_lib::group_seq_lib_default
      ✓ vstd::seq_lib::group_seq_properties
      ✓ vstd::seq_lib::group_to_multiset_ensures

  src/Chap18/ArraySeq.rs:
    In use:
      ✓ vstd::std_specs::vec::group_vec_axioms
      ✓ vstd::seq::group_seq_axioms
      ✓ vstd::seq_lib::group_seq_properties
      ✓ vstd::multiset::group_multiset_axioms
      ✓ vstd::multiset::group_multiset_properties
      ✓ vstd::seq_lib::group_to_multiset_ensures
      ✓ vstd::seq_lib::group_filter_ensures

  src/Chap18/ArraySeqMtEph.rs:
    In use:
      ✓ vstd::std_specs::vec::group_vec_axioms
      ✓ vstd::seq::group_seq_axioms
      ✓ vstd::seq_lib::group_seq_properties
      ✓ vstd::seq_lib::group_to_multiset_ensures
      ✓ vstd::multiset::group_multiset_axioms

  src/Chap18/ArraySeqMtEphSlice.rs:
    In use:
      ✓ vstd::std_specs::vec::group_vec_axioms
      ✓ vstd::seq::group_seq_axioms
      ✓ vstd::seq_lib::group_seq_properties
      ✓ vstd::std_specs::slice::group_slice_axioms
      ✓ vstd::slice::group_slice_axioms
      ✓ vstd::seq_lib::group_to_multiset_ensures

  src/Chap18/ArraySeqMtPer.rs:
    In use:
      ✓ vstd::std_specs::vec::group_vec_axioms
      ✓ vstd::seq::group_seq_axioms
      ✓ vstd::seq_lib::group_seq_properties
      ✓ vstd::seq_lib::group_to_multiset_ensures
      ✓ vstd::multiset::group_multiset_axioms

  src/Chap18/ArraySeqStEph.rs:
    In use:
      ✓ vstd::std_specs::vec::group_vec_axioms
      ✓ vstd::seq::group_seq_axioms
      ✓ vstd::seq_lib::group_seq_properties
      ✓ vstd::seq_lib::group_to_multiset_ensures

  src/Chap18/ArraySeqStPer.rs:
    In use:
      ✓ vstd::std_specs::vec::group_vec_axioms
      ✓ vstd::seq::group_seq_axioms
      ✓ vstd::seq_lib::group_seq_properties
      ✓ vstd::seq_lib::group_to_multiset_ensures

  src/Chap18/LinkedListStEph.rs:
    In use:
      ✓ vstd::std_specs::vec::group_vec_axioms
      ✓ vstd::seq::group_seq_axioms
      ✓ vstd::seq_lib::group_seq_properties
      ✓ vstd::seq_lib::group_to_multiset_ensures

  src/Chap18/LinkedListStPer.rs:
    In use:
      ✓ vstd::std_specs::vec::group_vec_axioms
      ✓ vstd::seq::group_seq_axioms
      ✓ vstd::seq_lib::group_seq_properties
      ✓ vstd::seq_lib::group_to_multiset_ensures

  src/Chap19/ArraySeqMtEph.rs:
    In use:
      ✓ vstd::std_specs::vec::group_vec_axioms
      ✓ vstd::seq::group_seq_axioms
      ✓ vstd::seq_lib::group_seq_properties
      ✓ vstd::seq_lib::group_to_multiset_ensures
      ✓ vstd::multiset::group_multiset_axioms

  src/Chap19/ArraySeqMtEphSlice.rs:
    In use:
      ✓ vstd::std_specs::vec::group_vec_axioms
      ✓ vstd::seq::group_seq_axioms
      ✓ vstd::seq_lib::group_seq_properties
      ✓ vstd::std_specs::slice::group_slice_axioms
      ✓ vstd::slice::group_slice_axioms
      ✓ vstd::seq_lib::group_to_multiset_ensures

  src/Chap19/ArraySeqStEph.rs:
    In use:
      ✓ vstd::std_specs::vec::group_vec_axioms
      ✓ vstd::seq::group_seq_axioms
      ✓ vstd::seq_lib::group_seq_properties
      ✓ vstd::seq_lib::group_to_multiset_ensures

  src/Chap19/ArraySeqStPer.rs:
    In use:
      ✓ vstd::std_specs::vec::group_vec_axioms
      ✓ vstd::seq::group_seq_axioms
      ✓ vstd::seq_lib::group_seq_properties
      ✓ vstd::seq_lib::group_to_multiset_ensures

  src/Chap21/Algorithm21_1.rs:
    In use:
      ✓ vstd::std_specs::vec::group_vec_axioms
      ✓ vstd::seq::group_seq_axioms
      ✓ vstd::seq_lib::group_seq_properties
      ✓ vstd::seq_lib::group_to_multiset_ensures

  src/Chap21/Algorithm21_2.rs:
    In use:
      ✓ vstd::std_specs::vec::group_vec_axioms
      ✓ vstd::arithmetic::power::group_pow_properties

  src/Chap21/Algorithm21_5.rs:
    In use:
      ✓ vstd::std_specs::vec::group_vec_axioms

  src/Chap21/Algorithm21_6.rs:
    In use:
      ✓ vstd::std_specs::vec::group_vec_axioms

  src/Chap21/Exercise21_5.rs:
    In use:
      ✓ vstd::std_specs::vec::group_vec_axioms
      ✓ vstd::seq::group_seq_axioms
      ✓ vstd::seq_lib::group_seq_properties
      ✓ vstd::seq_lib::group_to_multiset_ensures

  src/Chap21/Exercise21_7.rs:
    In use:
      ✓ vstd::std_specs::vec::group_vec_axioms

  src/Chap21/Exercise21_8.rs:
    In use:
      ✓ vstd::std_specs::vec::group_vec_axioms

  src/Chap21/Problem21_1.rs:
    In use:
      ✓ vstd::std_specs::vec::group_vec_axioms

  src/Chap21/Problem21_3.rs:
    In use:
      ✓ vstd::std_specs::vec::group_vec_axioms

  src/Chap21/Problem21_4.rs:
    In use:
      ✓ vstd::std_specs::vec::group_vec_axioms

  src/Chap23/BalBinTreeStEph.rs:
    In use:
      ✓ vstd::std_specs::vec::group_vec_axioms
      ✓ vstd::seq::group_seq_axioms
      ✓ vstd::seq_lib::group_seq_properties
      ✓ vstd::seq_lib::group_to_multiset_ensures

  src/Chap23/PrimTreeSeqStPer.rs:
    In use:
      ✓ vstd::std_specs::vec::group_vec_axioms
      ✓ vstd::seq::group_seq_axioms
      ✓ vstd::seq_lib::group_seq_properties
      ✓ vstd::seq_lib::group_to_multiset_ensures

  src/Chap26/DivConReduceMtPer.rs:
    In use:
      ✓ vstd::std_specs::vec::group_vec_axioms
      ✓ vstd::seq::group_seq_axioms
      ✓ vstd::seq_lib::group_seq_properties
      ✓ vstd::seq_lib::group_to_multiset_ensures

  src/Chap26/DivConReduceStPer.rs:
    In use:
      ✓ vstd::std_specs::vec::group_vec_axioms
      ✓ vstd::seq::group_seq_axioms

  src/Chap26/ETSPMtEph.rs:
    In use:
      ✓ vstd::std_specs::vec::group_vec_axioms
      ✓ vstd::seq::group_seq_axioms
      ✓ vstd::seq_lib::group_seq_properties
      ✓ vstd::seq_lib::group_to_multiset_ensures

  src/Chap26/ETSPStEph.rs:
    In use:
      ✓ vstd::std_specs::vec::group_vec_axioms
      ✓ vstd::seq::group_seq_axioms
      ✓ vstd::seq_lib::group_seq_properties
      ✓ vstd::seq_lib::group_to_multiset_ensures

  src/Chap26/MergeSortMtPer.rs:
    In use:
      ✓ vstd::std_specs::vec::group_vec_axioms
      ✓ vstd::seq::group_seq_axioms
      ✓ vstd::seq_lib::group_to_multiset_ensures
      ✓ vstd::multiset::group_multiset_axioms
      ✓ vstd::seq_lib::group_seq_properties

  src/Chap26/MergeSortStPer.rs:
    In use:
      ✓ vstd::std_specs::vec::group_vec_axioms
      ✓ vstd::seq::group_seq_axioms
      ✓ vstd::seq_lib::group_to_multiset_ensures
      ✓ vstd::multiset::group_multiset_axioms
      ✓ vstd::seq_lib::group_seq_properties

  src/Chap26/ScanDCMtPer.rs:
    In use:
      ✓ vstd::std_specs::vec::group_vec_axioms
      ✓ vstd::seq::group_seq_axioms
      ✓ vstd::seq_lib::group_seq_properties
      ✓ vstd::seq_lib::group_to_multiset_ensures

  src/Chap26/ScanDCStPer.rs:
    In use:
      ✓ vstd::std_specs::vec::group_vec_axioms
      ✓ vstd::seq::group_seq_axioms
      ✓ vstd::seq_lib::group_seq_properties
      ✓ vstd::seq_lib::group_to_multiset_ensures

  src/Chap27/ReduceContractMtEph.rs:
    In use:
      ✓ vstd::std_specs::vec::group_vec_axioms
      ✓ vstd::seq::group_seq_axioms
      ✓ vstd::seq_lib::group_seq_properties
      ✓ vstd::seq_lib::group_to_multiset_ensures

  src/Chap27/ReduceContractStEph.rs:
    In use:
      ✓ vstd::std_specs::vec::group_vec_axioms
      ✓ vstd::seq::group_seq_axioms
      ✓ vstd::seq_lib::group_seq_properties
      ✓ vstd::seq_lib::group_to_multiset_ensures

  src/Chap27/ScanContractMtEph.rs:
    In use:
      ✓ vstd::std_specs::vec::group_vec_axioms
      ✓ vstd::seq::group_seq_axioms
      ✓ vstd::seq_lib::group_seq_properties
      ✓ vstd::seq_lib::group_to_multiset_ensures

  src/Chap27/ScanContractStEph.rs:
    In use:
      ✓ vstd::std_specs::vec::group_vec_axioms
      ✓ vstd::seq::group_seq_axioms
      ✓ vstd::seq_lib::group_seq_properties
      ✓ vstd::seq_lib::group_to_multiset_ensures

  src/Chap28/MCSSSpec.rs:
    In use:
      ✓ vstd::seq::group_seq_axioms
      ✓ vstd::seq_lib::group_seq_properties
      ✓ vstd::seq_lib::group_to_multiset_ensures

  src/Chap28/MaxContigSubSumDivConOptStEph.rs:
    In use:
      ✓ vstd::seq::group_seq_axioms
      ✓ vstd::seq_lib::group_seq_properties
      ✓ vstd::seq_lib::group_to_multiset_ensures

  src/Chap28/MaxContigSubSumDivConStEph.rs:
    In use:
      ✓ vstd::seq::group_seq_axioms
      ✓ vstd::seq_lib::group_seq_properties
      ✓ vstd::seq_lib::group_to_multiset_ensures

  src/Chap28/MaxContigSubSumIterStEph.rs:
    In use:
      ✓ vstd::seq::group_seq_axioms
      ✓ vstd::seq_lib::group_seq_properties
      ✓ vstd::seq_lib::group_to_multiset_ensures

  src/Chap28/MaxContigSubSumOptStEph.rs:
    In use:
      ✓ vstd::seq::group_seq_axioms
      ✓ vstd::seq_lib::group_seq_properties
      ✓ vstd::seq_lib::group_to_multiset_ensures

  src/Chap35/OrderStatSelectMtEph.rs:
    In use:
      ✓ vstd::std_specs::vec::group_vec_axioms
      ✓ vstd::seq::group_seq_axioms
      ✓ vstd::seq_lib::group_to_multiset_ensures
      ✓ vstd::multiset::group_multiset_axioms
      ✓ vstd::seq_lib::group_seq_properties

  src/Chap35/OrderStatSelectMtPer.rs:
    In use:
      ✓ vstd::std_specs::vec::group_vec_axioms
      ✓ vstd::seq::group_seq_axioms
      ✓ vstd::seq_lib::group_to_multiset_ensures
      ✓ vstd::multiset::group_multiset_axioms
      ✓ vstd::seq_lib::group_seq_properties

  src/Chap35/OrderStatSelectStEph.rs:
    In use:
      ✓ vstd::std_specs::vec::group_vec_axioms
      ✓ vstd::seq::group_seq_axioms
      ✓ vstd::seq_lib::group_to_multiset_ensures
      ✓ vstd::multiset::group_multiset_axioms
      ✓ vstd::seq_lib::group_seq_properties

  src/Chap35/OrderStatSelectStPer.rs:
    In use:
      ✓ vstd::std_specs::vec::group_vec_axioms
      ✓ vstd::seq::group_seq_axioms
      ✓ vstd::seq_lib::group_to_multiset_ensures
      ✓ vstd::multiset::group_multiset_axioms
      ✓ vstd::seq_lib::group_seq_properties

  src/Chap36/QuickSortMtEph.rs:
    In use:
      ✓ vstd::std_specs::vec::group_vec_axioms
      ✓ vstd::seq::group_seq_axioms
      ✓ vstd::seq_lib::group_to_multiset_ensures
      ✓ vstd::multiset::group_multiset_axioms

  src/Chap36/QuickSortMtEphSlice.rs:
    In use:
      ✓ vstd::std_specs::vec::group_vec_axioms
      ✓ vstd::seq::group_seq_axioms
      ✓ vstd::seq_lib::group_to_multiset_ensures
      ✓ vstd::multiset::group_multiset_axioms

  src/Chap36/QuickSortStEph.rs:
    In use:
      ✓ vstd::std_specs::vec::group_vec_axioms
      ✓ vstd::seq::group_seq_axioms
      ✓ vstd::seq_lib::group_to_multiset_ensures
      ✓ vstd::multiset::group_multiset_axioms

  src/Chap37/AVLTreeSeqMtPer.rs:
    In use:
      ✓ vstd::seq::group_seq_axioms
      ✓ vstd::seq_lib::group_seq_properties
      ✓ vstd::seq_lib::group_to_multiset_ensures

  src/Chap37/AVLTreeSeqStEph.rs:
    In use:
      ✓ vstd::seq::group_seq_axioms
      ✓ vstd::seq_lib::group_seq_properties
      ✓ vstd::seq_lib::group_to_multiset_ensures

  src/Chap37/AVLTreeSeqStPer.rs:
    In use:
      ✓ vstd::seq::group_seq_axioms
      ✓ vstd::seq_lib::group_seq_properties
      ✓ vstd::seq_lib::group_to_multiset_ensures

  src/Chap38/BSTParaMtEph.rs:
    In use:
      ✓ vstd::set::group_set_axioms
      ✓ vstd::set_lib::group_set_properties

  src/Chap38/BSTParaStEph.rs:
    In use:
      ✓ vstd::set::group_set_axioms

  src/Chap39/BSTParaTreapMtEph.rs:
    In use:
      ✓ vstd::set_lib::group_set_properties
      ✓ vstd::set::group_set_axioms

  src/Chap39/BSTTreapMtEph.rs:
    In use:
      ✓ vstd::set::group_set_axioms

  src/Chap39/BSTTreapStEph.rs:
    In use:
      ✓ vstd::set::group_set_axioms
      ✓ vstd::set_lib::group_set_properties

  src/Chap40/BSTKeyValueStEph.rs:
    In use:
      ✓ vstd::map::group_map_axioms
      ✓ vstd::set::group_set_axioms
      ✓ vstd::map_lib::group_map_union

  src/Chap41/AVLTreeSetMtEph.rs:
    In use:
      ✓ vstd::seq::group_seq_axioms
      ✓ vstd::set::group_set_axioms
      ✓ vstd::set_lib::group_set_lib_default

  src/Chap41/AVLTreeSetMtPer.rs:
    In use:
      ✓ vstd::seq::group_seq_axioms
      ✓ vstd::set::group_set_axioms
      ✓ vstd::set_lib::group_set_lib_default

  src/Chap41/AVLTreeSetStEph.rs:
    In use:
      ✓ vstd::seq::group_seq_axioms
      ✓ vstd::set::group_set_axioms
      ✓ vstd::set_lib::group_set_lib_default
      ✓ vstd::laws_cmp::group_laws_cmp

  src/Chap41/AVLTreeSetStPer.rs:
    In use:
      ✓ vstd::seq::group_seq_axioms
      ✓ vstd::set::group_set_axioms
      ✓ vstd::set_lib::group_set_lib_default
      ✓ vstd::laws_cmp::group_laws_cmp

  src/Chap41/ArraySetEnumMtEph.rs:
    In use:
      ✓ vstd::set::group_set_axioms
      ✓ vstd::set_lib::group_set_lib_default

  src/Chap41/ArraySetStEph.rs:
    In use:
      ✓ vstd::set::group_set_axioms
      ✓ vstd::seq::group_seq_axioms
      ✓ vstd::seq_lib::group_seq_lib_default
      ✓ vstd::seq_lib::group_seq_properties
      ✓ vstd::seq_lib::group_to_multiset_ensures
      ✓ vstd::set_lib::group_set_lib_default

  src/Chap41/Example41_3.rs:
    In use:
      ✓ vstd::laws_cmp::group_laws_cmp

  src/Chap41/OrdKeyMap.rs:
    In use:
      ✓ vstd::map::group_map_axioms
      ✓ vstd::set::group_set_axioms

  src/Chap42/TableMtEph.rs:
    In use:
      ✓ vstd::map::group_map_axioms
      ✓ vstd::seq::group_seq_axioms
      ✓ vstd::seq_lib::group_seq_properties
      ✓ vstd::seq_lib::group_to_multiset_ensures

  src/Chap42/TableStEph.rs:
    In use:
      ✓ vstd::map::group_map_axioms
      ✓ vstd::seq::group_seq_axioms
      ✓ vstd::seq_lib::group_seq_properties
      ✓ vstd::seq_lib::group_to_multiset_ensures

  src/Chap42/TableStPer.rs:
    In use:
      ✓ vstd::map::group_map_axioms
      ✓ vstd::seq::group_seq_axioms
      ✓ vstd::seq_lib::group_seq_properties
      ✓ vstd::seq_lib::group_to_multiset_ensures

  src/Chap43/AugOrderedTableMtEph.rs:
    In use:
      ✓ vstd::map::group_map_axioms

  src/Chap43/AugOrderedTableStEph.rs:
    In use:
      ✓ vstd::map::group_map_axioms

  src/Chap43/AugOrderedTableStPer.rs:
    In use:
      ✓ vstd::map::group_map_axioms

  src/Chap43/OrderedSetMtEph.rs:
    In use:
      ✓ vstd::set::group_set_axioms
      ✓ vstd::set_lib::group_set_lib_default
      ✓ vstd::laws_cmp::group_laws_cmp

  src/Chap43/OrderedSetStEph.rs:
    In use:
      ✓ vstd::set::group_set_axioms
      ✓ vstd::set_lib::group_set_lib_default
      ✓ vstd::laws_cmp::group_laws_cmp

  src/Chap43/OrderedSetStPer.rs:
    In use:
      ✓ vstd::set::group_set_axioms
      ✓ vstd::set_lib::group_set_lib_default
      ✓ vstd::laws_cmp::group_laws_cmp

  src/Chap43/OrderedTableMtEph.rs:
    In use:
      ✓ vstd::map::group_map_axioms

  src/Chap43/OrderedTableMtPer.rs:
    In use:
      ✓ vstd::map::group_map_axioms

  src/Chap43/OrderedTableStEph.rs:
    In use:
      ✓ vstd::map::group_map_axioms
      ✓ vstd::set::group_set_axioms

  src/Chap43/OrderedTableStPer.rs:
    In use:
      ✓ vstd::map::group_map_axioms
      ✓ vstd::set::group_set_axioms

  src/Chap45/BalancedTreePQ.rs:
    In use:
      ✓ vstd::seq::group_seq_axioms
      ✓ vstd::seq_lib::group_seq_properties
      ✓ vstd::seq_lib::group_to_multiset_ensures

  src/Chap45/BinaryHeapPQ.rs:
    In use:
      ✓ vstd::seq::group_seq_axioms
      ✓ vstd::seq_lib::group_seq_properties
      ✓ vstd::seq_lib::group_to_multiset_ensures
      ✓ vstd::std_specs::vec::group_vec_axioms

  src/Chap45/HeapsortExample.rs:
    In use:
      ✓ vstd::seq::group_seq_axioms
      ✓ vstd::seq_lib::group_seq_properties
      ✓ vstd::seq_lib::group_to_multiset_ensures

  src/Chap45/LeftistHeapPQ.rs:
    In use:
      ✓ vstd::multiset::group_multiset_axioms
      ✓ vstd::seq::group_seq_axioms
      ✓ vstd::seq_lib::group_seq_properties
      ✓ vstd::seq_lib::group_to_multiset_ensures
      ✓ vstd::std_specs::vec::group_vec_axioms

  src/Chap45/SortedListPQ.rs:
    In use:
      ✓ vstd::multiset::group_multiset_axioms
      ✓ vstd::seq::group_seq_axioms
      ✓ vstd::seq_lib::group_seq_properties
      ✓ vstd::seq_lib::group_to_multiset_ensures
      ✓ vstd::std_specs::vec::group_vec_axioms

  src/Chap45/UnsortedListPQ.rs:
    In use:
      ✓ vstd::multiset::group_multiset_axioms
      ✓ vstd::seq::group_seq_axioms
      ✓ vstd::seq_lib::group_seq_properties
      ✓ vstd::seq_lib::group_to_multiset_ensures
      ✓ vstd::std_specs::vec::group_vec_axioms

  src/Chap49/MinEditDistMtEph.rs:
    In use:
      ✓ vstd::seq::group_seq_axioms
      ✓ vstd::std_specs::hash::group_hash_axioms

  src/Chap49/MinEditDistMtPer.rs:
    In use:
      ✓ vstd::seq::group_seq_axioms
      ✓ vstd::std_specs::hash::group_hash_axioms

  src/Chap49/MinEditDistStEph.rs:
    In use:
      ✓ vstd::seq::group_seq_axioms
      ✓ vstd::std_specs::hash::group_hash_axioms

  src/Chap49/MinEditDistStPer.rs:
    In use:
      ✓ vstd::seq::group_seq_axioms
      ✓ vstd::std_specs::hash::group_hash_axioms

  src/Chap49/SubsetSumMtEph.rs:
    In use:
      ✓ vstd::seq::group_seq_axioms
      ✓ vstd::std_specs::hash::group_hash_axioms

  src/Chap49/SubsetSumMtPer.rs:
    In use:
      ✓ vstd::seq::group_seq_axioms
      ✓ vstd::std_specs::hash::group_hash_axioms

  src/Chap49/SubsetSumStEph.rs:
    In use:
      ✓ vstd::seq::group_seq_axioms
      ✓ vstd::std_specs::hash::group_hash_axioms

  src/Chap49/SubsetSumStPer.rs:
    In use:
      ✓ vstd::seq::group_seq_axioms
      ✓ vstd::std_specs::hash::group_hash_axioms

  src/Chap50/MatrixChainMtEph.rs:
    In use:
      ✓ vstd::map::group_map_axioms
      ✓ vstd::seq::group_seq_axioms
      ✓ vstd::seq_lib::group_seq_properties
      ✓ vstd::seq_lib::group_to_multiset_ensures

  src/Chap50/MatrixChainMtPer.rs:
    In use:
      ✓ vstd::map::group_map_axioms
      ✓ vstd::seq::group_seq_axioms
      ✓ vstd::seq_lib::group_seq_properties
      ✓ vstd::seq_lib::group_to_multiset_ensures

  src/Chap50/MatrixChainStEph.rs:
    In use:
      ✓ vstd::map::group_map_axioms
      ✓ vstd::seq::group_seq_axioms
      ✓ vstd::seq_lib::group_seq_properties
      ✓ vstd::seq_lib::group_to_multiset_ensures

  src/Chap50/MatrixChainStPer.rs:
    In use:
      ✓ vstd::map::group_map_axioms
      ✓ vstd::seq::group_seq_axioms
      ✓ vstd::seq_lib::group_seq_properties
      ✓ vstd::seq_lib::group_to_multiset_ensures

  src/Chap50/OptBinSearchTreeMtEph.rs:
    In use:
      ✓ vstd::map::group_map_axioms
      ✓ vstd::seq::group_seq_axioms
      ✓ vstd::seq_lib::group_seq_properties

  src/Chap50/OptBinSearchTreeMtPer.rs:
    In use:
      ✓ vstd::map::group_map_axioms
      ✓ vstd::seq::group_seq_axioms
      ✓ vstd::seq_lib::group_seq_properties

  src/Chap50/OptBinSearchTreeStEph.rs:
    In use:
      ✓ vstd::map::group_map_axioms
      ✓ vstd::seq::group_seq_axioms
      ✓ vstd::seq_lib::group_seq_properties

  src/Chap50/OptBinSearchTreeStPer.rs:
    In use:
      ✓ vstd::map::group_map_axioms
      ✓ vstd::seq::group_seq_axioms
      ✓ vstd::seq_lib::group_seq_properties

  src/Chap51/TopDownDPMtEph.rs:
    In use:
      ✓ vstd::map::group_map_axioms
      ✓ vstd::seq::group_seq_axioms
      ✓ vstd::std_specs::hash::group_hash_axioms

  src/Chap51/TopDownDPMtPer.rs:
    In use:
      ✓ vstd::map::group_map_axioms
      ✓ vstd::seq::group_seq_axioms
      ✓ vstd::std_specs::hash::group_hash_axioms

  src/Chap51/TopDownDPStEph.rs:
    In use:
      ✓ vstd::map::group_map_axioms
      ✓ vstd::seq::group_seq_axioms

  src/Chap51/TopDownDPStPer.rs:
    In use:
      ✓ vstd::map::group_map_axioms
      ✓ vstd::seq::group_seq_axioms

  src/Chap52/AdjMatrixGraphMtEph.rs:
    In use:
      ✓ vstd::seq::group_seq_axioms
      ✓ vstd::seq_lib::group_seq_properties
      ✓ vstd::seq_lib::group_to_multiset_ensures

  src/Chap52/AdjMatrixGraphMtPer.rs:
    In use:
      ✓ vstd::seq::group_seq_axioms
      ✓ vstd::seq_lib::group_seq_properties
      ✓ vstd::seq_lib::group_to_multiset_ensures

  src/Chap52/AdjMatrixGraphStEph.rs:
    In use:
      ✓ vstd::seq::group_seq_axioms
      ✓ vstd::seq_lib::group_seq_properties
      ✓ vstd::seq_lib::group_to_multiset_ensures

  src/Chap52/AdjMatrixGraphStPer.rs:
    In use:
      ✓ vstd::seq::group_seq_axioms
      ✓ vstd::seq_lib::group_seq_properties
      ✓ vstd::seq_lib::group_to_multiset_ensures

  src/Chap52/AdjSeqGraphMtEph.rs:
    In use:
      ✓ vstd::seq::group_seq_axioms
      ✓ vstd::seq_lib::group_seq_properties
      ✓ vstd::seq_lib::group_to_multiset_ensures

  src/Chap52/AdjSeqGraphMtPer.rs:
    In use:
      ✓ vstd::seq::group_seq_axioms
      ✓ vstd::seq_lib::group_seq_properties
      ✓ vstd::seq_lib::group_to_multiset_ensures

  src/Chap52/AdjSeqGraphStEph.rs:
    In use:
      ✓ vstd::seq::group_seq_axioms
      ✓ vstd::seq_lib::group_seq_properties
      ✓ vstd::seq_lib::group_to_multiset_ensures

  src/Chap52/AdjSeqGraphStPer.rs:
    In use:
      ✓ vstd::seq::group_seq_axioms
      ✓ vstd::seq_lib::group_seq_properties
      ✓ vstd::seq_lib::group_to_multiset_ensures

  src/Chap52/AdjTableGraphMtPer.rs:
    In use:
      ✓ vstd::map::group_map_axioms
      ✓ vstd::set::group_set_axioms
      ✓ vstd::set_lib::group_set_lib_default

  src/Chap52/AdjTableGraphStEph.rs:
    In use:
      ✓ vstd::map::group_map_axioms
      ✓ vstd::set::group_set_axioms
      ✓ vstd::set_lib::group_set_lib_default

  src/Chap52/AdjTableGraphStPer.rs:
    In use:
      ✓ vstd::map::group_map_axioms
      ✓ vstd::set::group_set_axioms
      ✓ vstd::set_lib::group_set_lib_default

  src/Chap52/EdgeSetGraphMtPer.rs:
    In use:
      ✓ vstd::set::group_set_axioms
      ✓ vstd::set_lib::group_set_lib_default

  src/Chap52/EdgeSetGraphStEph.rs:
    In use:
      ✓ vstd::set::group_set_axioms
      ✓ vstd::set_lib::group_set_lib_default

  src/Chap52/EdgeSetGraphStPer.rs:
    In use:
      ✓ vstd::set::group_set_axioms
      ✓ vstd::set_lib::group_set_lib_default

  src/Chap54/BFSMtEph.rs:
    In use:
      ✓ vstd::std_specs::vecdeque::group_vec_dequeue_axioms

  src/Chap54/BFSStEph.rs:
    In use:
      ✓ vstd::std_specs::vecdeque::group_vec_dequeue_axioms

  src/Chap54/BFSStPer.rs:
    In use:
      ✓ vstd::std_specs::vecdeque::group_vec_dequeue_axioms

  src/Chap55/CycleDetectStEph.rs:
    In use:
      ✓ vstd::seq::group_seq_axioms

  src/Chap55/CycleDetectStPer.rs:
    In use:
      ✓ vstd::seq::group_seq_axioms

  src/Chap55/DFSStEph.rs:
    In use:
      ✓ vstd::seq::group_seq_axioms

  src/Chap55/DFSStPer.rs:
    In use:
      ✓ vstd::seq::group_seq_axioms

  src/Chap55/SCCStEph.rs:
    In use:
      ✓ vstd::seq::group_seq_axioms
      ✓ vstd::seq_lib::group_seq_properties

  src/Chap55/SCCStPer.rs:
    In use:
      ✓ vstd::seq::group_seq_axioms
      ✓ vstd::seq_lib::group_seq_properties

  src/Chap55/TopoSortStEph.rs:
    In use:
      ✓ vstd::seq::group_seq_axioms
      ✓ vstd::seq_lib::group_seq_properties
      ✓ vstd::seq_lib::group_to_multiset_ensures

  src/Chap56/SSSPResultStPerF64.rs:
    In use:
      ✓ vstd::seq::group_seq_axioms
      ✓ vstd::seq_lib::group_seq_properties
      ✓ vstd::seq_lib::group_to_multiset_ensures

  src/Chap57/StackStEph.rs:
    In use:
      ✓ vstd::seq::group_seq_axioms
      ✓ vstd::seq_lib::group_seq_properties
      ✓ vstd::seq_lib::group_to_multiset_ensures

  src/Chap66/BoruvkaMtEph.rs:
    In use:
      ✓ vstd::set::group_set_axioms

  src/Chap66/BoruvkaStEph.rs:
    In use:
      ✓ vstd::set::group_set_axioms

  src/ParaPairs.rs:
    In use:
      ✓ vstd::set::group_set_axioms
      ✓ vstd::set_lib::group_set_lib_default

  src/Types.rs:
    In use:
      ✓ vstd::seq::group_seq_axioms
      ✓ vstd::seq_lib::group_seq_properties
      ✓ vstd::seq_lib::group_to_multiset_ensures
      ✓ vstd::set::group_set_axioms
      ✓ vstd::set_lib::group_set_lib_default

  src/experiments/SetLoops.rs:
    In use:
      ✓ vstd::std_specs::hash::group_hash_axioms

  src/experiments/ToVecProof.rs:
    In use:
      ✓ vstd::std_specs::hash::group_hash_axioms

  src/experiments/abstract_set_iter.rs:
    In use:
      ✓ vstd::seq_lib::group_seq_properties
      ✓ vstd::seq::group_seq_axioms
      ✓ vstd::set::group_set_axioms
      ✓ vstd::set_lib::group_set_lib_default

  src/experiments/checked_signed_int.rs:
    In use:
      ✓ vstd::arithmetic::mul::group_mul_properties

  src/experiments/checked_unsigned_int.rs:
    In use:
      ✓ vstd::arithmetic::mul::group_mul_properties

  src/experiments/clone_plus_vs_deep_clone.rs:
    In use:
      ✓ vstd::std_specs::vec::group_vec_axioms
      ✓ vstd::laws_eq::group_laws_eq
      ✓ vstd::seq::group_seq_axioms
      ✓ vstd::seq_lib::group_seq_properties
      ✓ vstd::seq_lib::group_to_multiset_ensures

  src/experiments/coarse_lock_parallel_tsm.rs:
    In use:
      ✓ vstd::std_specs::vec::group_vec_axioms
      ✓ vstd::seq::group_seq_axioms
      ✓ vstd::seq_lib::group_seq_properties

  src/experiments/collect.rs:
    In use:
      ✓ vstd::std_specs::vec::group_vec_axioms
      ✓ vstd::seq::group_seq_axioms
      ✓ vstd::seq_lib::group_seq_properties
      ✓ vstd::seq_lib::group_to_multiset_ensures

  src/experiments/collect2.rs:
    In use:
      ✓ vstd::std_specs::vec::group_vec_axioms
      ✓ vstd::seq::group_seq_axioms
      ✓ vstd::seq_lib::group_seq_properties
      ✓ vstd::seq_lib::group_to_multiset_ensures

  src/experiments/collect_deep_view.rs:
    In use:
      ✓ vstd::std_specs::vec::group_vec_axioms
      ✓ vstd::seq::group_seq_axioms
      ✓ vstd::seq_lib::group_seq_properties
      ✓ vstd::seq_lib::group_to_multiset_ensures

  src/experiments/f64_bits_sort.rs:
    In use:
      ✓ vstd::std_specs::vec::group_vec_axioms
      ✓ vstd::seq::group_seq_axioms
      ✓ vstd::seq_lib::group_seq_properties
      ✓ vstd::seq_lib::group_to_multiset_ensures

  src/experiments/f64_float_cmp_sort.rs:
    In use:
      ✓ vstd::std_specs::vec::group_vec_axioms
      ✓ vstd::seq::group_seq_axioms
      ✓ vstd::seq_lib::group_seq_properties
      ✓ vstd::seq_lib::group_to_multiset_ensures

  src/experiments/f64_sort.rs:
    In use:
      ✓ vstd::std_specs::vec::group_vec_axioms
      ✓ vstd::seq::group_seq_axioms
      ✓ vstd::seq_lib::group_seq_properties
      ✓ vstd::seq_lib::group_to_multiset_ensures

  src/experiments/hash_set_modern_pattern.rs:
    In use:
      ✓ vstd::std_specs::hash::group_hash_axioms

  src/experiments/hash_set_with_view_plus_loops.rs:
    In use:
      ✓ vstd::seq_lib::group_seq_properties
      ✓ vstd::seq::group_seq_axioms
      ✓ vstd::seq_lib::group_to_multiset_ensures

  src/experiments/seq_set_exec.rs:
    In use:
      ✓ vstd::seq_lib::group_seq_properties
      ✓ vstd::set::group_set_axioms
      ✓ vstd::seq::group_seq_axioms
      ✓ vstd::seq_lib::group_to_multiset_ensures

  src/experiments/sigma_pi.rs:
    In use:
      ✓ vstd::arithmetic::mul::group_mul_properties
      ✓ vstd::set::group_set_axioms
      ✓ vstd::set_lib::group_set_lib_default

  src/experiments/signed_int.rs:
    In use:
      ✓ vstd::arithmetic::mul::group_mul_properties

  src/experiments/simple_hash_set_iter.rs:
    In use:
      ✓ vstd::seq_lib::group_seq_properties
      ✓ vstd::seq::group_seq_axioms
      ✓ vstd::set::group_set_axioms
      ✓ vstd::std_specs::hash::group_hash_axioms
      ✓ vstd::set_lib::group_set_lib_default

  src/experiments/simple_seq_iter.rs:
    In use:
      ✓ vstd::seq_lib::group_seq_properties
      ✓ vstd::seq::group_seq_axioms
      ✓ vstd::seq_lib::group_to_multiset_ensures

  src/experiments/simple_set_iter.rs:
    In use:
      ✓ vstd::seq_lib::group_seq_properties
      ✓ vstd::seq::group_seq_axioms
      ✓ vstd::set::group_set_axioms
      ✓ vstd::seq_lib::group_to_multiset_ensures
      ✓ vstd::set_lib::group_set_lib_default

  src/experiments/spec_fun_argument.rs:
    In use:
      ✓ vstd::set::group_set_axioms
      ✓ vstd::multiset::group_multiset_axioms
      ✓ vstd::multiset::group_multiset_properties
      ✓ vstd::seq_lib::group_to_multiset_ensures
      ✓ vstd::seq_lib::group_filter_ensures

  src/experiments/test_feq.rs:
    In use:
      ✓ vstd::seq::group_seq_axioms
      ✓ vstd::seq_lib::group_seq_properties
      ✓ vstd::seq_lib::group_to_multiset_ensures

  src/experiments/unsigned_int.rs:
    In use:
      ✓ vstd::arithmetic::mul::group_mul_properties

  src/experiments/vec_clone_in_verus.rs:
    In use:
      ✓ vstd::std_specs::vec::group_vec_axioms
      ✓ vstd::seq::group_seq_axioms
      ✓ vstd::seq_lib::group_seq_properties
      ✓ vstd::seq_lib::group_to_multiset_ensures

  src/experiments/vec_filter.rs:
    In use:
      ✓ vstd::set::group_set_axioms
      ✓ vstd::multiset::group_multiset_axioms
      ✓ vstd::multiset::group_multiset_properties
      ✓ vstd::seq_lib::group_to_multiset_ensures
      ✓ vstd::seq_lib::group_filter_ensures

  src/experiments/vec_remove_duplicates.rs:
    In use:
      ✓ vstd::std_specs::vec::group_vec_axioms
      ✓ vstd::seq::group_seq_axioms
      ✓ vstd::seq_lib::group_seq_properties
      ✓ vstd::seq_lib::group_to_multiset_ensures

  src/standards/table_of_contents_standard.rs:
    In use:
      ✓ vstd::seq::group_seq_axioms

═══════════════════════════════════════════════════════════════
Phase 7: Skipped (--no-lib-min)
═══════════════════════════════════════════════════════════════

═══════════════════════════════════════════════════════════════
Phase 8: Skipped (--no-lib-min)
═══════════════════════════════════════════════════════════════


Phase 9: Skipped (use -a flag to enable assert minimization)

Phase 10: Skipped (use -a flag to enable assert minimization)

Phase 11: Skipped (use -m flag to enable admit minimization)

Phase 12: Skipped (use -p flag to enable proof block minimization)

Phase 13: Skipped (use -t flag to enable type minimization)

═══════════════════════════════════════════════════════════════
Phase 14: Analyzing and verifying final codebase
═══════════════════════════════════════════════════════════════

  Final LOC (comments not counted):
    Spec:       0
    Proof:      0
    Exec:       0
    Total:      0

  LOC change: no change
  (excluding manual module removal)

  Verifying...
✓ Final verification: 8.6s (was 8.5s, +0.0s (0.1% slower))

═══════════════════════════════════════════════════════════════
MINIMIZATION SUMMARY
═══════════════════════════════════════════════════════════════

Time:
  Actual time:             0.0s
  Estimated time:          1h 26m 57s
  Estimation error:        -5217.8s (-100.0%)

Verification:
  Initial: 8.5s (passed)
  Final:   8.6s (passed)
  Change:  +0.0s (0.1% slower)

Lines of Code (comments not counted):
  Initial:      0 (spec: 0, proof: 0, exec: 0)
  Final:        0 (spec: 0, proof: 0, exec: 0)
  Change:  no change (excluding manual module removal)

Phase 7 (dependence): 0 DEPENDENT, 0 INDEPENDENT
Phase 8 (necessity):  0 USED, 0 UNUSED, 0 skipped
Combined:             0 DEPENDENT BUT NEEDED (keep these)

┌───────────────────────────────────────────────────────────────┐
│ DEPENDENT LEMMAS (vstd broadcast groups can prove these)     │
├───────────────────────────────────────────────────────────────┤
│ (none)                                                        │
└───────────────────────────────────────────────────────────────┘

┌───────────────────────────────────────────────────────────────┐
│ UNNEEDED LEMMAS (commented out, codebase verifies without)   │
├───────────────────────────────────────────────────────────────┤
│ (none - all tested lemmas are needed)                        │
└───────────────────────────────────────────────────────────────┘

┌───────────────────────────────────────────────────────────────┐
│ DEPENDENT BUT NEEDED (guide verification, keep for now)      │
├───────────────────────────────────────────────────────────────┤
│ (none - all dependent lemmas were also unneeded)             │
└───────────────────────────────────────────────────────────────┘

┌───────────────────────────────────────────────────────────────┐
│ SPEC FUNCTIONS (160 total, 44 without explicit calls)         │
├───────────────────────────────────────────────────────────────┤
│ checked_int.rs             -> spec_is_add_associative
│ checked_int.rs             -> spec_is_add_commutative
│ checked_int.rs             -> spec_is_mul_associative
│ checked_int.rs             -> spec_is_mul_commutative
│ checked_int.rs             -> spec_mul_distributes_over_add
│ checked_nat.rs             -> spec_is_add_associative
│ checked_nat.rs             -> spec_is_add_commutative
│ checked_nat.rs             -> spec_is_mul_associative
│ checked_nat.rs             -> spec_is_mul_commutative
│ checked_nat.rs             -> spec_mul_distributes_over_add
│ feq.rs                     -> feq_reflexive
│ feq.rs                     -> feq_symmetric
│ feq.rs                     -> feq_transitive
│ feq.rs                     -> obeys_feq<bool, u8, u16, u32, u64, u128, usize, i8, i16, i32, i64, i128, isize> (13 variants, 0 used)
│ feq.rs                     -> obeys_feq_clone
│ feq.rs                     -> obeys_feq_eq
│ feq.rs                     -> obeys_feq_full
│ feq.rs                     -> obeys_feq_full_trigger
│ feq.rs                     -> obeys_feq_fulls
│ feq.rs                     -> obeys_feq_properties
│ feq.rs                     -> obeys_feq_view
│ feq.rs                     -> obeys_feq_view_injective
│ feq.rs                     -> obeys_view_eq_trigger
│ float.rs                   -> all_float_wf
│ float.rs                   -> spec_float_sorted
│ hash_map_with_view_plus.rs -> ghost_ensures
│ hash_set_with_view_plus.rs -> ghost_ensures
│ hashed_checked_u32.rs      -> valid_key_type_CheckedU32
│ partial_order.rs           -> partial_order_ensures
│ pervasives_plus.rs         -> comment
│ seq.rs                     -> spec_sum_u32_fold
└───────────────────────────────────────────────────────────────┘

┌───────────────────────────────────────────────────────────────┐
│ REMOVABLE MODULES (0 can be removed entirely)               │
├───────────────────────────────────────────────────────────────┤
│ (none - all modules are needed)                              │
└───────────────────────────────────────────────────────────────┘

✓ Minimization complete! Codebase still verifies.
